--------- beginning of main
04-22 17:27:42.222 15971 15971 W msgr.SendSpeedLoggingPlugin: EndSendMessageLoggingEvent for instanceKey: 730110203
04-22 17:27:42.222 15971 15971 W msgr.SendSpeedLoggingPlugin: EndSendMessageLoggingEvent for instanceKey: 409099706
04-22 17:27:42.222 15971 15971 W msgr.SendSpeedLoggingPlugin: EndSendMessageLoggingEvent for instanceKey: -1764605880
04-22 17:27:42.222 15971 15971 W msgr.SendSpeedLoggingPlugin: EndSendMessageLoggingEvent for instanceKey: -823236069
04-22 17:27:42.222 15971 15971 W msgr.SendSpeedLoggingPlugin: EndSendMessageLoggingEvent for instanceKey: 1587726641
04-22 17:27:42.222 15971 15971 W msgr.SendSpeedLoggingPlugin: EndSendMessageLoggingEvent for instanceKey: -641986200
04-22 17:27:42.222 15971 15971 W msgr.SendSpeedLoggingPlugin: EndSendMessageLoggingEvent for instanceKey: -1454204697
04-22 17:27:42.222 15971 15971 W msgr.SendSpeedLoggingPlugin: EndSendMessageLoggingEvent for instanceKey: 800232248
04-22 17:27:42.222 15971 15971 W msgr.SendSpeedLoggingPlugin: EndSendMessageLoggingEvent for instanceKey: 1613749851
04-22 17:27:42.222 15971 15971 W msgr.SendSpeedLoggingPlugin: EndSendMessageLoggingEvent for instanceKey: -1295481828
04-22 17:27:42.222 15971 15971 W msgr.SendSpeedLoggingPlugin: EndSendMessageLoggingEvent for instanceKey: 1892184042
04-22 17:27:42.223 15971 15971 W msgr.SendSpeedLoggingPlugin: EndSendMessageLoggingEvent for instanceKey: -1044251191
04-22 17:27:42.223 15971 15971 W msgr.SendSpeedLoggingPlugin: EndSendMessageLoggingEvent for instanceKey: -1170213663
04-22 17:27:42.223 15971 15971 W msgr.SendSpeedLoggingPlugin: EndSendMessageLoggingEvent for instanceKey: -1566354179
04-22 17:27:42.223 15971 15971 W msgr.SendSpeedLoggingPlugin: EndSendMessageLoggingEvent for instanceKey: -1788632807
04-22 17:27:42.223 15971 15971 W msgr.SendSpeedLoggingPlugin: EndSendMessageLoggingEvent for instanceKey: 1300627401
04-22 17:27:42.223 15971 15971 W msgr.SendSpeedLoggingPlugin: EndSendMessageLoggingEvent for instanceKey: 424864934
04-22 17:27:42.223 15971 15971 W msgr.SendSpeedLoggingPlugin: EndSendMessageLoggingEvent for instanceKey: 975481707
04-22 17:27:42.223 15971 15971 W msgr.SendSpeedLoggingPlugin: EndSendMessageLoggingEvent for instanceKey: -1268777783
04-22 17:27:42.223 15971 15971 W msgr.SendSpeedLoggingPlugin: EndSendMessageLoggingEvent for instanceKey: 235441478
04-22 17:27:42.223 15971 15971 W msgr.SendSpeedLoggingPlugin: EndSendMessageLoggingEvent for instanceKey: -1439641231
04-22 17:27:42.223 15971 15971 W msgr.SendSpeedLoggingPlugin: EndSendMessageLoggingEvent for instanceKey: 319486475
04-22 17:27:42.223 15971 15971 W msgr.SendSpeedLoggingPlugin: EndSendMessageLoggingEvent for instanceKey: -894431853
04-22 17:27:42.223 15971 15971 W msgr.SendSpeedLoggingPlugin: EndSendMessageLoggingEvent for instanceKey: 1265400628
04-22 17:27:42.223 15971 15971 W msgr.SendSpeedLoggingPlugin: EndSendMessageLoggingEvent for instanceKey: 2038840177
04-22 17:27:42.223 15971 15971 W msgr.SendSpeedLoggingPlugin: EndSendMessageLoggingEvent for instanceKey: -421633869
04-22 17:27:42.223 15971 15971 W msgr.SendSpeedLoggingPlugin: EndSendMessageLoggingEvent for instanceKey: -387555988
04-22 17:27:42.223 15971 15971 W msgr.SendSpeedLoggingPlugin: EndSendMessageLoggingEvent for instanceKey: -1436133080
04-22 17:27:42.223 15971 15971 W msgr.SendSpeedLoggingPlugin: EndSendMessageLoggingEvent for instanceKey: 2054731706
04-22 17:27:42.223 15971 15971 W msgr.SendSpeedLoggingPlugin: EndSendMessageLoggingEvent for instanceKey: 463047511
04-22 17:27:42.223 15971 15971 W msgr.SendSpeedLoggingPlugin: EndSendMessageLoggingEvent for instanceKey: -414448262
04-22 17:27:42.223 15971 15971 W msgr.SendSpeedLoggingPlugin: EndSendMessageLoggingEvent for instanceKey: 2089028143
04-22 17:27:42.223 15971 15971 W msgr.SendSpeedLoggingPlugin: EndSendMessageLoggingEvent for instanceKey: 1292596888
04-22 17:27:42.223 15971 15971 W msgr.SendSpeedLoggingPlugin: EndSendMessageLoggingEvent for instanceKey: -380706153
04-22 17:27:42.223 15971 15971 W msgr.SendSpeedLoggingPlugin: EndSendMessageLoggingEvent for instanceKey: 1562913770
04-22 17:27:42.223 15971 15971 W msgr.SendSpeedLoggingPlugin: EndSendMessageLoggingEvent for instanceKey: 2146776990
04-22 17:27:42.223 15971 15971 W msgr.SendSpeedLoggingPlugin: EndSendMessageLoggingEvent for instanceKey: 2101285175
04-22 17:27:42.224 15971 15971 W msgr.SendSpeedLoggingPlugin: EndSendMessageLoggingEvent for instanceKey: 698690158
04-22 17:27:42.224 15971 15971 W msgr.SendSpeedLoggingPlugin: EndSendMessageLoggingEvent for instanceKey: 524968280
04-22 17:27:42.224 15971 15971 W msgr.SendSpeedLoggingPlugin: EndSendMessageLoggingEvent for instanceKey: 2008132330
04-22 17:27:42.224 15971 15971 W msgr.SendSpeedLoggingPlugin: EndSendMessageLoggingEvent for instanceKey: 283612992
04-22 17:27:42.224 15971 15971 W msgr.SendSpeedLoggingPlugin: EndSendMessageLoggingEvent for instanceKey: 1228070075
04-22 17:27:42.224 15971 15971 W msgr.SendSpeedLoggingPlugin: EndSendMessageLoggingEvent for instanceKey: 1256029335
04-22 17:27:42.224 15971 15971 W msgr.SendSpeedLoggingPlugin: EndSendMessageLoggingEvent for instanceKey: 1193946884
04-22 17:27:42.224 15971 15971 W msgr.SendSpeedLoggingPlugin: EndSendMessageLoggingEvent for instanceKey: -1568944729
04-22 17:27:42.224 15971 15971 W msgr.SendSpeedLoggingPlugin: EndSendMessageLoggingEvent for instanceKey: -1254747609
04-22 17:27:42.224 15971 15971 W msgr.SendSpeedLoggingPlugin: EndSendMessageLoggingEvent for instanceKey: -1539577944
04-22 17:27:42.224 15971 15971 W msgr.SendSpeedLoggingPlugin: EndSendMessageLoggingEvent for instanceKey: -1308266296
04-22 17:27:42.224 15971 15971 W msgr.SendSpeedLoggingPlugin: EndSendMessageLoggingEvent for instanceKey: 1225768968
04-22 17:27:42.224 15971 15971 W msgr.SendSpeedLoggingPlugin: EndSendMessageLoggingEvent for instanceKey: -1251308469
04-22 17:27:42.224 15971 15971 W msgr.SendSpeedLoggingPlugin: EndSendMessageLoggingEvent for instanceKey: -575251831
04-22 17:27:42.225 15971 15971 W msgr.SendSpeedLoggingPlugin: EndSendMessageLoggingEvent for instanceKey: -1567317087
04-22 17:27:42.225 15971 15971 W msgr.SendSpeedLoggingPlugin: EndSendMessageLoggingEvent for instanceKey: 2006303250
04-22 17:27:42.225 15971 15971 W msgr.SendSpeedLoggingPlugin: EndSendMessageLoggingEvent for instanceKey: -307378649
04-22 17:27:42.225 15971 15971 W msgr.SendSpeedLoggingPlugin: EndSendMessageLoggingEvent for instanceKey: -488071695
04-22 17:27:42.225 15971 15971 W msgr.SendSpeedLoggingPlugin: EndSendMessageLoggingEvent for instanceKey: -1584689240
04-22 17:27:42.225 15971 15971 W msgr.SendSpeedLoggingPlugin: EndSendMessageLoggingEvent for instanceKey: -873662575
04-22 17:27:42.225 15971 15971 W msgr.SendSpeedLoggingPlugin: EndSendMessageLoggingEvent for instanceKey: -1999070715
04-22 17:27:42.227 15971 16038 W msgr.1Dj: class X.22P submitted as runnable to class X.1Dj. Potential deadlocks on get().
04-22 17:27:42.476  6498  7029 D CompatibilityInfo: mCompatibilityFlags - 0
04-22 17:27:42.476  6498  7029 D CompatibilityInfo: applicationDensity - 560
04-22 17:27:42.477  6498  7029 D CompatibilityInfo: applicationScale - 1.0
04-22 17:27:42.498 20105  2344 I AOSP-MdnsDiscoveryManag: Trigger send thread. [CONTEXT service_id=168 ]
04-22 17:27:42.499 20105  2344 I AOSP-MdnsDiscoveryManag: Trigger send thread. [CONTEXT service_id=168 ]
04-22 17:27:42.499 20105  2342 I AOSP-MdnsDiscoveryManag: Sending a multicast mDNS packet... [CONTEXT service_id=168 ]
04-22 17:27:42.500 20105  2342 I AOSP-MdnsDiscoveryManag: Sending a multicast mDNS packet... [CONTEXT service_id=168 ]
04-22 17:27:42.500 20105  2343 W AOSP-MdnsDiscoveryManag: Error while decoding multicast packet (15720): 1 [CONTEXT service_id=168 ]
04-22 17:27:42.500 20105  2343 W AOSP-MdnsDiscoveryManag: Error while decoding multicast packet (15721): 1 [CONTEXT service_id=168 ]
04-22 17:27:42.500 20105 20689 I AOSP-MdnsDiscoveryManag: Query sent with transactionId: 8. Next run: sessionId: 3, in 1000 ms [CONTEXT service_id=168 ]
04-22 17:27:43.482  6498  7029 D CompatibilityInfo: mCompatibilityFlags - 0
04-22 17:27:43.482  6498  7029 D CompatibilityInfo: applicationDensity - 560
04-22 17:27:43.482  6498  7029 D CompatibilityInfo: applicationScale - 1.0
04-22 17:27:43.502 20105  2344 I AOSP-MdnsDiscoveryManag: Trigger send thread. [CONTEXT service_id=168 ]
04-22 17:27:43.503 20105  2344 I AOSP-MdnsDiscoveryManag: Trigger send thread. [CONTEXT service_id=168 ]
04-22 17:27:43.503 20105  2342 I AOSP-MdnsDiscoveryManag: Sending a multicast mDNS packet... [CONTEXT service_id=168 ]
04-22 17:27:43.503 20105 20689 I AOSP-MdnsDiscoveryManag: Query sent with transactionId: 9. Next run: sessionId: 3, in 20000 ms [CONTEXT service_id=168 ]
04-22 17:27:43.504 20105  2342 I AOSP-MdnsDiscoveryManag: Sending a multicast mDNS packet... [CONTEXT service_id=168 ]
04-22 17:27:43.505 20105  2343 W AOSP-MdnsDiscoveryManag: Error while decoding multicast packet (15722): 1 [CONTEXT service_id=168 ]
04-22 17:27:43.506 20105  2343 W AOSP-MdnsDiscoveryManag: Error while decoding multicast packet (15723): 1 [CONTEXT service_id=168 ]
04-22 17:27:44.238 20105 32579 I NearbyMediums: Found Fast Ble Advertisements :
04-22 17:27:44.238 20105 32579 I NearbyMediums: BleAdvertisement { version=2, socketVersion=2, isFast=true, serviceIdHash=null, data=[ 0x23 0x4d 0x39 0x34 0x43 0x11 0x32 0x4f 0x2b 0x20 0x2e 0x54 0x81 0x12 0x02 0xe7 0x09 0xfe 0x75 0x38 0x8c 0xf8 0xa6 ], deviceToken=[ 0xb5 0x10 ], rxAdvertisement=null } : 4 times.
04-22 17:27:44.238 20105 32579 I NearbyMediums: Total 4 fast advertisements from 1 unique advertisers.
04-22 17:27:44.238 20105 32579 I NearbyMediums: Current Tracked Scanning Clients are : {NearbyConnections.EnvironmentMonitor, NearbySharing, NearbyConnections.TxAdvertisement}
04-22 17:27:44.422 15971 16038 W msgr.1Dj: class X.2Ba submitted as runnable to class X.1Dj. Potential deadlocks on get().
04-22 17:27:44.429 15971 15971 W msgr.SendSpeedLoggingPlugin: EndSendMessageLoggingEvent for instanceKey: 763958043
04-22 17:27:44.429 15971 15971 W msgr.SendSpeedLoggingPlugin: EndSendMessageLoggingEvent for instanceKey: -63106563
04-22 17:27:44.429 15971 15971 W msgr.SendSpeedLoggingPlugin: EndSendMessageLoggingEvent for instanceKey: 1629434458
04-22 17:27:44.430 15971 15971 W msgr.SendSpeedLoggingPlugin: EndSendMessageLoggingEvent for instanceKey: -795906852
04-22 17:27:44.430 15971 15971 W msgr.SendSpeedLoggingPlugin: EndSendMessageLoggingEvent for instanceKey: -2136787798
04-22 17:27:44.430 15971 15971 W msgr.SendSpeedLoggingPlugin: EndSendMessageLoggingEvent for instanceKey: -752737104
04-22 17:27:44.430 15971 15971 W msgr.SendSpeedLoggingPlugin: EndSendMessageLoggingEvent for instanceKey: 120791809
04-22 17:27:44.430 15971 15971 W msgr.SendSpeedLoggingPlugin: EndSendMessageLoggingEvent for instanceKey: 619313985
04-22 17:27:44.430 15971 15971 W msgr.SendSpeedLoggingPlugin: EndSendMessageLoggingEvent for instanceKey: 1300629261
04-22 17:27:44.430 15971 15971 W msgr.SendSpeedLoggingPlugin: EndSendMessageLoggingEvent for instanceKey: -1938545818
04-22 17:27:44.430 15971 15971 W msgr.SendSpeedLoggingPlugin: EndSendMessageLoggingEvent for instanceKey: -1451852180
04-22 17:27:44.430 15971 15971 W msgr.SendSpeedLoggingPlugin: EndSendMessageLoggingEvent for instanceKey: -2014563234
04-22 17:27:44.430 15971 15971 W msgr.SendSpeedLoggingPlugin: EndSendMessageLoggingEvent for instanceKey: 1300629258
04-22 17:27:44.430 15971 15971 W msgr.SendSpeedLoggingPlugin: EndSendMessageLoggingEvent for instanceKey: 416383363
04-22 17:27:44.430 15971 15971 W msgr.SendSpeedLoggingPlugin: EndSendMessageLoggingEvent for instanceKey: 1428257291
04-22 17:27:44.430 15971 15971 W msgr.SendSpeedLoggingPlugin: EndSendMessageLoggingEvent for instanceKey: -1060561966
04-22 17:27:44.430 15971 15971 W msgr.SendSpeedLoggingPlugin: EndSendMessageLoggingEvent for instanceKey: -764859602
04-22 17:27:44.430 15971 15971 W msgr.SendSpeedLoggingPlugin: EndSendMessageLoggingEvent for instanceKey: 1300629254
04-22 17:27:44.430 15971 15971 W msgr.SendSpeedLoggingPlugin: EndSendMessageLoggingEvent for instanceKey: -1911356549
04-22 17:27:44.430 15971 15971 W msgr.SendSpeedLoggingPlugin: EndSendMessageLoggingEvent for instanceKey: -1765304679
04-22 17:27:44.430 15971 15971 W msgr.SendSpeedLoggingPlugin: EndSendMessageLoggingEvent for instanceKey: -1606342725
04-22 17:27:44.430 15971 15971 W msgr.SendSpeedLoggingPlugin: EndSendMessageLoggingEvent for instanceKey: -811925219
04-22 17:27:44.430 15971 15971 W msgr.SendSpeedLoggingPlugin: EndSendMessageLoggingEvent for instanceKey: 1336777209
04-22 17:27:44.430 15971 15971 W msgr.SendSpeedLoggingPlugin: EndSendMessageLoggingEvent for instanceKey: 1853394841
04-22 17:27:44.430 15971 15971 W msgr.SendSpeedLoggingPlugin: EndSendMessageLoggingEvent for instanceKey: 837735656
04-22 17:27:44.430 15971 15971 W msgr.SendSpeedLoggingPlugin: EndSendMessageLoggingEvent for instanceKey: 2105885045
04-22 17:27:44.430 15971 15971 W msgr.SendSpeedLoggingPlugin: EndSendMessageLoggingEvent for instanceKey: -620065835
04-22 17:27:44.430 15971 15971 W msgr.SendSpeedLoggingPlugin: EndSendMessageLoggingEvent for instanceKey: 1336341756
04-22 17:27:44.430 15971 15971 W msgr.SendSpeedLoggingPlugin: EndSendMessageLoggingEvent for instanceKey: -1502417829
04-22 17:27:44.430 15971 15971 W msgr.SendSpeedLoggingPlugin: EndSendMessageLoggingEvent for instanceKey: -929587045
04-22 17:27:44.431 15971 15971 W msgr.SendSpeedLoggingPlugin: EndSendMessageLoggingEvent for instanceKey: 1982863206
04-22 17:27:44.431 15971 15971 W msgr.SendSpeedLoggingPlugin: EndSendMessageLoggingEvent for instanceKey: -1285006522
04-22 17:27:44.431 15971 15971 W msgr.SendSpeedLoggingPlugin: EndSendMessageLoggingEvent for instanceKey: -179807018
04-22 17:27:44.431 15971 15971 W msgr.SendSpeedLoggingPlugin: EndSendMessageLoggingEvent for instanceKey: -1040939998
04-22 17:27:44.431 15971 15971 W msgr.SendSpeedLoggingPlugin: EndSendMessageLoggingEvent for instanceKey: -1070419455
04-22 17:27:44.431 15971 15971 W msgr.SendSpeedLoggingPlugin: EndSendMessageLoggingEvent for instanceKey: 1108785521
04-22 17:27:44.431 15971 15971 W msgr.SendSpeedLoggingPlugin: EndSendMessageLoggingEvent for instanceKey: -1767587673
04-22 17:27:44.431 15971 15971 W msgr.SendSpeedLoggingPlugin: EndSendMessageLoggingEvent for instanceKey: 1930338895
04-22 17:27:44.431 15971 15971 W msgr.SendSpeedLoggingPlugin: EndSendMessageLoggingEvent for instanceKey: -1829337094
04-22 17:27:44.431 15971 15971 W msgr.SendSpeedLoggingPlugin: EndSendMessageLoggingEvent for instanceKey: -1971399608
04-22 17:27:44.431 15971 15971 W msgr.SendSpeedLoggingPlugin: EndSendMessageLoggingEvent for instanceKey: 1767021948
04-22 17:27:44.431 15971 15971 W msgr.SendSpeedLoggingPlugin: EndSendMessageLoggingEvent for instanceKey: 2142784158
04-22 17:27:44.431 15971 15971 W msgr.SendSpeedLoggingPlugin: EndSendMessageLoggingEvent for instanceKey: -335707330
04-22 17:27:44.431 15971 15971 W msgr.SendSpeedLoggingPlugin: EndSendMessageLoggingEvent for instanceKey: -449622085
04-22 17:27:44.431 15971 15971 W msgr.SendSpeedLoggingPlugin: EndSendMessageLoggingEvent for instanceKey: 902979844
04-22 17:27:44.431 15971 15971 W msgr.SendSpeedLoggingPlugin: EndSendMessageLoggingEvent for instanceKey: -1425785532
04-22 17:27:44.431 15971 15971 W msgr.SendSpeedLoggingPlugin: EndSendMessageLoggingEvent for instanceKey: 684587921
04-22 17:27:44.431 15971 15971 W msgr.SendSpeedLoggingPlugin: EndSendMessageLoggingEvent for instanceKey: 1383230008
04-22 17:27:44.431 15971 15971 W msgr.SendSpeedLoggingPlugin: EndSendMessageLoggingEvent for instanceKey: -456873836
04-22 17:27:44.431 15971 15971 W msgr.SendSpeedLoggingPlugin: EndSendMessageLoggingEvent for instanceKey: -376344384
04-22 17:27:44.431 15971 15971 W msgr.SendSpeedLoggingPlugin: EndSendMessageLoggingEvent for instanceKey: -232211890
04-22 17:27:44.431 15971 15971 W msgr.SendSpeedLoggingPlugin: EndSendMessageLoggingEvent for instanceKey: 1516694629
04-22 17:27:44.431 15971 15971 W msgr.SendSpeedLoggingPlugin: EndSendMessageLoggingEvent for instanceKey: 599618676
04-22 17:27:44.431 15971 15971 W msgr.SendSpeedLoggingPlugin: EndSendMessageLoggingEvent for instanceKey: -1648166870
04-22 17:27:44.431 15971 15971 W msgr.SendSpeedLoggingPlugin: EndSendMessageLoggingEvent for instanceKey: 1743629645
04-22 17:27:44.431 15971 15971 W msgr.SendSpeedLoggingPlugin: EndSendMessageLoggingEvent for instanceKey: 879973423
04-22 17:27:44.432 15971 15971 W msgr.SendSpeedLoggingPlugin: EndSendMessageLoggingEvent for instanceKey: 1702553946
04-22 17:27:44.432 15971 15971 W msgr.SendSpeedLoggingPlugin: EndSendMessageLoggingEvent for instanceKey: 262728965
04-22 17:27:44.432 15971 15971 W msgr.SendSpeedLoggingPlugin: EndSendMessageLoggingEvent for instanceKey: -1934386684
04-22 17:27:44.432 15971 15971 W msgr.SendSpeedLoggingPlugin: EndSendMessageLoggingEvent for instanceKey: -121052610
04-22 17:27:44.432 15971 15971 W msgr.SendSpeedLoggingPlugin: EndSendMessageLoggingEvent for instanceKey: 1300629107
04-22 17:27:44.432 15971 15971 W msgr.SendSpeedLoggingPlugin: EndSendMessageLoggingEvent for instanceKey: -1130084810
04-22 17:27:44.432 15971 15971 W msgr.SendSpeedLoggingPlugin: EndSendMessageLoggingEvent for instanceKey: -1116346563
04-22 17:27:44.432 15971 15971 W msgr.SendSpeedLoggingPlugin: EndSendMessageLoggingEvent for instanceKey: 592463923
04-22 17:27:44.432 15971 15971 W msgr.SendSpeedLoggingPlugin: EndSendMessageLoggingEvent for instanceKey: -1066712354
04-22 17:27:44.432 15971 15971 W msgr.SendSpeedLoggingPlugin: EndSendMessageLoggingEvent for instanceKey: -1652252950
04-22 17:27:44.432 15971 15971 W msgr.SendSpeedLoggingPlugin: EndSendMessageLoggingEvent for instanceKey: -776915927
04-22 17:27:44.432 15971 15971 W msgr.SendSpeedLoggingPlugin: EndSendMessageLoggingEvent for instanceKey: 1300629101
04-22 17:27:44.432 15971 15971 W msgr.SendSpeedLoggingPlugin: EndSendMessageLoggingEvent for instanceKey: -1758110935
04-22 17:27:44.432 15971 15971 W msgr.SendSpeedLoggingPlugin: EndSendMessageLoggingEvent for instanceKey: 609226062
04-22 17:27:44.432 15971 15971 W msgr.SendSpeedLoggingPlugin: EndSendMessageLoggingEvent for instanceKey: 397844580
04-22 17:27:44.432 15971 15971 W msgr.SendSpeedLoggingPlugin: EndSendMessageLoggingEvent for instanceKey: 958163903
04-22 17:27:44.432 15971 15971 W msgr.SendSpeedLoggingPlugin: EndSendMessageLoggingEvent for instanceKey: -148853355
04-22 17:27:44.432 15971 15971 W msgr.SendSpeedLoggingPlugin: EndSendMessageLoggingEvent for instanceKey: 2145544100
04-22 17:27:44.432 15971 15971 W msgr.SendSpeedLoggingPlugin: EndSendMessageLoggingEvent for instanceKey: -773724024
04-22 17:27:44.432 15971 15971 W msgr.SendSpeedLoggingPlugin: EndSendMessageLoggingEvent for instanceKey: -644260879
04-22 17:27:44.432 15971 15971 W msgr.SendSpeedLoggingPlugin: EndSendMessageLoggingEvent for instanceKey: -619349195
04-22 17:27:44.432 15971 15971 W msgr.SendSpeedLoggingPlugin: EndSendMessageLoggingEvent for instanceKey: -2011310283
04-22 17:27:44.432 15971 15971 W msgr.SendSpeedLoggingPlugin: EndSendMessageLoggingEvent for instanceKey: 1463773913
04-22 17:27:44.432 15971 15971 W msgr.SendSpeedLoggingPlugin: EndSendMessageLoggingEvent for instanceKey: 309932234
04-22 17:27:44.432 15971 15971 W msgr.SendSpeedLoggingPlugin: EndSendMessageLoggingEvent for instanceKey: -1659386880
04-22 17:27:44.433 15971 15971 W msgr.SendSpeedLoggingPlugin: EndSendMessageLoggingEvent for instanceKey: -731883266
04-22 17:27:44.433 15971 15971 W msgr.SendSpeedLoggingPlugin: EndSendMessageLoggingEvent for instanceKey: -147382721
04-22 17:27:44.433 15971 15971 W msgr.SendSpeedLoggingPlugin: EndSendMessageLoggingEvent for instanceKey: 1060539311
04-22 17:27:44.433 15971 15971 W msgr.SendSpeedLoggingPlugin: EndSendMessageLoggingEvent for instanceKey: -1691468718
04-22 17:27:44.433 15971 15971 W msgr.SendSpeedLoggingPlugin: EndSendMessageLoggingEvent for instanceKey: -342847620
04-22 17:27:44.433 15971 15971 W msgr.SendSpeedLoggingPlugin: EndSendMessageLoggingEvent for instanceKey: 1607038126
04-22 17:27:44.433 15971 15971 W msgr.SendSpeedLoggingPlugin: EndSendMessageLoggingEvent for instanceKey: 1799665289
04-22 17:27:44.433 15971 15971 W msgr.SendSpeedLoggingPlugin: EndSendMessageLoggingEvent for instanceKey: 1106361632
04-22 17:27:44.433 15971 15971 W msgr.SendSpeedLoggingPlugin: EndSendMessageLoggingEvent for instanceKey: 113484047
04-22 17:27:44.433 15971 15971 W msgr.SendSpeedLoggingPlugin: EndSendMessageLoggingEvent for instanceKey: 1012377569
04-22 17:27:44.433 15971 15971 W msgr.SendSpeedLoggingPlugin: EndSendMessageLoggingEvent for instanceKey: 1272931137
04-22 17:27:44.433 15971 15971 W msgr.SendSpeedLoggingPlugin: EndSendMessageLoggingEvent for instanceKey: 748073510
04-22 17:27:44.433 15971 15971 W msgr.SendSpeedLoggingPlugin: EndSendMessageLoggingEvent for instanceKey: -171041334
04-22 17:27:44.433 15971 15971 W msgr.SendSpeedLoggingPlugin: EndSendMessageLoggingEvent for instanceKey: -1529687987
04-22 17:27:44.433 15971 15971 W msgr.SendSpeedLoggingPlugin: EndSendMessageLoggingEvent for instanceKey: -1440980861
04-22 17:27:44.433 15971 15971 W msgr.SendSpeedLoggingPlugin: EndSendMessageLoggingEvent for instanceKey: -1905231798
04-22 17:27:44.433 15971 15971 W msgr.SendSpeedLoggingPlugin: EndSendMessageLoggingEvent for instanceKey: -1512313589
04-22 17:27:44.433 15971 15971 W msgr.SendSpeedLoggingPlugin: EndSendMessageLoggingEvent for instanceKey: -328172745
04-22 17:27:44.433 15971 15971 W msgr.SendSpeedLoggingPlugin: EndSendMessageLoggingEvent for instanceKey: 1264777306
04-22 17:27:44.433 15971 15971 W msgr.SendSpeedLoggingPlugin: EndSendMessageLoggingEvent for instanceKey: 698575302
04-22 17:27:44.433 15971 15971 W msgr.SendSpeedLoggingPlugin: EndSendMessageLoggingEvent for instanceKey: 282147925
04-22 17:27:44.433 15971 15971 W msgr.SendSpeedLoggingPlugin: EndSendMessageLoggingEvent for instanceKey: 1300628332
04-22 17:27:44.433 15971 15971 W msgr.SendSpeedLoggingPlugin: EndSendMessageLoggingEvent for instanceKey: 1314427140
04-22 17:27:44.433 15971 15971 W msgr.SendSpeedLoggingPlugin: EndSendMessageLoggingEvent for instanceKey: 1498248380
04-22 17:27:44.433 15971 15971 W msgr.SendSpeedLoggingPlugin: EndSendMessageLoggingEvent for instanceKey: -2050811112
04-22 17:27:44.433 15971 15971 W msgr.SendSpeedLoggingPlugin: EndSendMessageLoggingEvent for instanceKey: -393335869
04-22 17:27:44.433 15971 15971 W msgr.SendSpeedLoggingPlugin: EndSendMessageLoggingEvent for instanceKey: 612633324
04-22 17:27:44.434 15971 15971 W msgr.SendSpeedLoggingPlugin: EndSendMessageLoggingEvent for instanceKey: 73949282
04-22 17:27:44.434 15971 15971 W msgr.SendSpeedLoggingPlugin: EndSendMessageLoggingEvent for instanceKey: -1519776705
04-22 17:27:44.434 15971 15971 W msgr.SendSpeedLoggingPlugin: EndSendMessageLoggingEvent for instanceKey: -339949461
04-22 17:27:44.434 15971 15971 W msgr.SendSpeedLoggingPlugin: EndSendMessageLoggingEvent for instanceKey: -909044110
04-22 17:27:44.434 15971 15971 W msgr.SendSpeedLoggingPlugin: EndSendMessageLoggingEvent for instanceKey: 1134989723
04-22 17:27:44.434 15971 15971 W msgr.SendSpeedLoggingPlugin: EndSendMessageLoggingEvent for instanceKey: 72854528
04-22 17:27:44.434 15971 15971 W msgr.SendSpeedLoggingPlugin: EndSendMessageLoggingEvent for instanceKey: 1300628300
04-22 17:27:44.434 15971 15971 W msgr.SendSpeedLoggingPlugin: EndSendMessageLoggingEvent for instanceKey: -1024297977
04-22 17:27:44.434 15971 15971 W msgr.SendSpeedLoggingPlugin: EndSendMessageLoggingEvent for instanceKey: 1300628299
04-22 17:27:44.434 15971 15971 W msgr.SendSpeedLoggingPlugin: EndSendMessageLoggingEvent for instanceKey: 1886947954
04-22 17:27:44.434 15971 15971 W msgr.SendSpeedLoggingPlugin: EndSendMessageLoggingEvent for instanceKey: -1615061121
04-22 17:27:44.434 15971 15971 W msgr.SendSpeedLoggingPlugin: EndSendMessageLoggingEvent for instanceKey: 1961326937
04-22 17:27:44.434 15971 15971 W msgr.SendSpeedLoggingPlugin: EndSendMessageLoggingEvent for instanceKey: 1881789829
04-22 17:27:44.434 15971 15971 W msgr.SendSpeedLoggingPlugin: EndSendMessageLoggingEvent for instanceKey: 1715029796
04-22 17:27:44.434 15971 15971 W msgr.SendSpeedLoggingPlugin: EndSendMessageLoggingEvent for instanceKey: 1564256571
04-22 17:27:44.434 15971 15971 W msgr.SendSpeedLoggingPlugin: EndSendMessageLoggingEvent for instanceKey: -13979082
04-22 17:27:44.434 15971 15971 W msgr.SendSpeedLoggingPlugin: EndSendMessageLoggingEvent for instanceKey: -1477038789
04-22 17:27:44.434 15971 15971 W msgr.SendSpeedLoggingPlugin: EndSendMessageLoggingEvent for instanceKey: -461027387
04-22 17:27:44.434 15971 15971 W msgr.SendSpeedLoggingPlugin: EndSendMessageLoggingEvent for instanceKey: -1868252315
04-22 17:27:44.434 15971 15971 W msgr.SendSpeedLoggingPlugin: EndSendMessageLoggingEvent for instanceKey: -1777042253
04-22 17:27:44.434 15971 15971 W msgr.SendSpeedLoggingPlugin: EndSendMessageLoggingEvent for instanceKey: -996115385
04-22 17:27:44.434 15971 15971 W msgr.SendSpeedLoggingPlugin: EndSendMessageLoggingEvent for instanceKey: -1163976715
04-22 17:27:44.434 15971 15971 W msgr.SendSpeedLoggingPlugin: EndSendMessageLoggingEvent for instanceKey: 830391707
04-22 17:27:44.434 15971 15971 W msgr.SendSpeedLoggingPlugin: EndSendMessageLoggingEvent for instanceKey: 1434935502
04-22 17:27:44.434 15971 15971 W msgr.SendSpeedLoggingPlugin: EndSendMessageLoggingEvent for instanceKey: -1068086288
04-22 17:27:44.434 15971 15971 W msgr.SendSpeedLoggingPlugin: EndSendMessageLoggingEvent for instanceKey: 1731966774
04-22 17:27:44.434 15971 15971 W msgr.SendSpeedLoggingPlugin: EndSendMessageLoggingEvent for instanceKey: 1488784555
04-22 17:27:44.434 15971 15971 W msgr.SendSpeedLoggingPlugin: EndSendMessageLoggingEvent for instanceKey: 1300628239
04-22 17:27:44.435 15971 15971 W msgr.SendSpeedLoggingPlugin: EndSendMessageLoggingEvent for instanceKey: 69824256
04-22 17:27:44.435 15971 15971 W msgr.SendSpeedLoggingPlugin: EndSendMessageLoggingEvent for instanceKey: -534185603
04-22 17:27:44.435 15971 15971 W msgr.SendSpeedLoggingPlugin: EndSendMessageLoggingEvent for instanceKey: -1370052886
04-22 17:27:44.435 15971 15971 W msgr.SendSpeedLoggingPlugin: EndSendMessageLoggingEvent for instanceKey: 562742556
04-22 17:27:44.435 15971 15971 W msgr.SendSpeedLoggingPlugin: EndSendMessageLoggingEvent for instanceKey: 297060673
04-22 17:27:44.435 15971 15971 W msgr.SendSpeedLoggingPlugin: EndSendMessageLoggingEvent for instanceKey: -1069412985
04-22 17:27:44.435 15971 15971 W msgr.SendSpeedLoggingPlugin: EndSendMessageLoggingEvent for instanceKey: -1943890613
04-22 17:27:44.435 15971 15971 W msgr.SendSpeedLoggingPlugin: EndSendMessageLoggingEvent for instanceKey: -1372351759
04-22 17:27:44.435 15971 15971 W msgr.SendSpeedLoggingPlugin: EndSendMessageLoggingEvent for instanceKey: 672344691
04-22 17:27:44.435 15971 15971 W msgr.SendSpeedLoggingPlugin: EndSendMessageLoggingEvent for instanceKey: 519387768
04-22 17:27:44.435 15971 15971 W msgr.SendSpeedLoggingPlugin: EndSendMessageLoggingEvent for instanceKey: 659715606
04-22 17:27:44.435 15971 15971 W msgr.SendSpeedLoggingPlugin: EndSendMessageLoggingEvent for instanceKey: -642126592
04-22 17:27:44.435 15971 15971 W msgr.SendSpeedLoggingPlugin: EndSendMessageLoggingEvent for instanceKey: -53768553
04-22 17:27:44.435 15971 15971 W msgr.SendSpeedLoggingPlugin: EndSendMessageLoggingEvent for instanceKey: -217856151
04-22 17:27:44.435 15971 15971 W msgr.SendSpeedLoggingPlugin: EndSendMessageLoggingEvent for instanceKey: -175688727
04-22 17:27:44.435 15971 15971 W msgr.SendSpeedLoggingPlugin: EndSendMessageLoggingEvent for instanceKey: -1642137410
04-22 17:27:44.435 15971 15971 W msgr.SendSpeedLoggingPlugin: EndSendMessageLoggingEvent for instanceKey: 799484968
04-22 17:27:44.435 15971 15971 W msgr.SendSpeedLoggingPlugin: EndSendMessageLoggingEvent for instanceKey: 1876152608
04-22 17:27:44.435 15971 15971 W msgr.SendSpeedLoggingPlugin: EndSendMessageLoggingEvent for instanceKey: -1595412249
04-22 17:27:44.435 15971 15971 W msgr.SendSpeedLoggingPlugin: EndSendMessageLoggingEvent for instanceKey: 1953786366
04-22 17:27:44.435 15971 15971 W msgr.SendSpeedLoggingPlugin: EndSendMessageLoggingEvent for instanceKey: 1524092491
04-22 17:27:44.435 15971 15971 W msgr.SendSpeedLoggingPlugin: EndSendMessageLoggingEvent for instanceKey: 1300628176
04-22 17:27:44.435 15971 15971 W msgr.SendSpeedLoggingPlugin: EndSendMessageLoggingEvent for instanceKey: -1912680135
04-22 17:27:44.435 15971 15971 W msgr.SendSpeedLoggingPlugin: EndSendMessageLoggingEvent for instanceKey: 1890061878
04-22 17:27:44.435 15971 15971 W msgr.SendSpeedLoggingPlugin: EndSendMessageLoggingEvent for instanceKey: 343412119
04-22 17:27:44.435 15971 15971 W msgr.SendSpeedLoggingPlugin: EndSendMessageLoggingEvent for instanceKey: 248385139
04-22 17:27:44.436 15971 15971 W msgr.SendSpeedLoggingPlugin: EndSendMessageLoggingEvent for instanceKey: -1947367138
04-22 17:27:44.436 15971 15971 W msgr.SendSpeedLoggingPlugin: EndSendMessageLoggingEvent for instanceKey: -585107202
04-22 17:27:44.436 15971 15971 W msgr.SendSpeedLoggingPlugin: EndSendMessageLoggingEvent for instanceKey: -405158456
04-22 17:27:44.436 15971 15971 W msgr.SendSpeedLoggingPlugin: EndSendMessageLoggingEvent for instanceKey: 2109451214
04-22 17:27:44.436 15971 15971 W msgr.SendSpeedLoggingPlugin: EndSendMessageLoggingEvent for instanceKey: 1300628168
04-22 17:27:44.436 15971 15971 W msgr.SendSpeedLoggingPlugin: EndSendMessageLoggingEvent for instanceKey: 904424196
04-22 17:27:44.436 15971 15971 W msgr.SendSpeedLoggingPlugin: EndSendMessageLoggingEvent for instanceKey: -631067766
04-22 17:27:44.436 15971 15971 W msgr.SendSpeedLoggingPlugin: EndSendMessageLoggingEvent for instanceKey: -1947607380
04-22 17:27:44.436 15971 15971 W msgr.SendSpeedLoggingPlugin: EndSendMessageLoggingEvent for instanceKey: -2130480929
04-22 17:27:44.436 15971 15971 W msgr.SendSpeedLoggingPlugin: EndSendMessageLoggingEvent for instanceKey: 1678161452
04-22 17:27:44.436 15971 15971 W msgr.SendSpeedLoggingPlugin: EndSendMessageLoggingEvent for instanceKey: 316990688
04-22 17:27:44.436 15971 15971 W msgr.SendSpeedLoggingPlugin: EndSendMessageLoggingEvent for instanceKey: 410401039
04-22 17:27:44.436 15971 15971 W msgr.SendSpeedLoggingPlugin: EndSendMessageLoggingEvent for instanceKey: -704641333
04-22 17:27:44.436 15971 15971 W msgr.SendSpeedLoggingPlugin: EndSendMessageLoggingEvent for instanceKey: -1390191323
04-22 17:27:44.436 15971 15971 W msgr.SendSpeedLoggingPlugin: EndSendMessageLoggingEvent for instanceKey: 416563967
04-22 17:27:44.436 15971 15971 W msgr.SendSpeedLoggingPlugin: EndSendMessageLoggingEvent for instanceKey: 1191680939
04-22 17:27:44.436 15971 15971 W msgr.SendSpeedLoggingPlugin: EndSendMessageLoggingEvent for instanceKey: 561499193
04-22 17:27:44.436 15971 15971 W msgr.SendSpeedLoggingPlugin: EndSendMessageLoggingEvent for instanceKey: -655632183
04-22 17:27:44.439 15971 15971 W msgr.SendSpeedLoggingPlugin: EndSendMessageLoggingEvent for instanceKey: 861219648
04-22 17:27:44.439 15971 15971 W msgr.SendSpeedLoggingPlugin: EndSendMessageLoggingEvent for instanceKey: -1443256879
04-22 17:27:44.439 15971 15971 W msgr.SendSpeedLoggingPlugin: EndSendMessageLoggingEvent for instanceKey: -133905923
04-22 17:27:44.439 15971 15971 W msgr.SendSpeedLoggingPlugin: EndSendMessageLoggingEvent for instanceKey: 1300628110
04-22 17:27:44.439 15971 15971 W msgr.SendSpeedLoggingPlugin: EndSendMessageLoggingEvent for instanceKey: -997919308
04-22 17:27:44.439 15971 15971 W msgr.SendSpeedLoggingPlugin: EndSendMessageLoggingEvent for instanceKey: 730110203
04-22 17:27:44.439 15971 15971 W msgr.SendSpeedLoggingPlugin: EndSendMessageLoggingEvent for instanceKey: 409099706
04-22 17:27:44.439 15971 15971 W msgr.SendSpeedLoggingPlugin: EndSendMessageLoggingEvent for instanceKey: -1764605880
04-22 17:27:44.440 15971 15971 W msgr.SendSpeedLoggingPlugin: EndSendMessageLoggingEvent for instanceKey: -823236069
04-22 17:27:44.440 15971 15971 W msgr.SendSpeedLoggingPlugin: EndSendMessageLoggingEvent for instanceKey: 1587726641
04-22 17:27:44.440 15971 15971 W msgr.SendSpeedLoggingPlugin: EndSendMessageLoggingEvent for instanceKey: -641986200
04-22 17:27:44.440 15971 15971 W msgr.SendSpeedLoggingPlugin: EndSendMessageLoggingEvent for instanceKey: -1454204697
04-22 17:27:44.440 15971 15971 W msgr.SendSpeedLoggingPlugin: EndSendMessageLoggingEvent for instanceKey: 800232248
04-22 17:27:44.440 15971 15971 W msgr.SendSpeedLoggingPlugin: EndSendMessageLoggingEvent for instanceKey: 1613749851
04-22 17:27:44.440 15971 15971 W msgr.SendSpeedLoggingPlugin: EndSendMessageLoggingEvent for instanceKey: -1295481828
04-22 17:27:44.440 15971 15971 W msgr.SendSpeedLoggingPlugin: EndSendMessageLoggingEvent for instanceKey: 1892184042
04-22 17:27:44.440 15971 15971 W msgr.SendSpeedLoggingPlugin: EndSendMessageLoggingEvent for instanceKey: -1044251191
04-22 17:27:44.440 15971 15971 W msgr.SendSpeedLoggingPlugin: EndSendMessageLoggingEvent for instanceKey: -1170213663
04-22 17:27:44.440 15971 15971 W msgr.SendSpeedLoggingPlugin: EndSendMessageLoggingEvent for instanceKey: -1566354179
04-22 17:27:44.440 15971 15971 W msgr.SendSpeedLoggingPlugin: EndSendMessageLoggingEvent for instanceKey: -1788632807
04-22 17:27:44.440 15971 15971 W msgr.SendSpeedLoggingPlugin: EndSendMessageLoggingEvent for instanceKey: 1300627401
04-22 17:27:44.440 15971 15971 W msgr.SendSpeedLoggingPlugin: EndSendMessageLoggingEvent for instanceKey: 424864934
04-22 17:27:44.440 15971 15971 W msgr.SendSpeedLoggingPlugin: EndSendMessageLoggingEvent for instanceKey: 975481707
04-22 17:27:44.440 15971 15971 W msgr.SendSpeedLoggingPlugin: EndSendMessageLoggingEvent for instanceKey: -1268777783
04-22 17:27:44.440 15971 15971 W msgr.SendSpeedLoggingPlugin: EndSendMessageLoggingEvent for instanceKey: 235441478
04-22 17:27:44.440 15971 15971 W msgr.SendSpeedLoggingPlugin: EndSendMessageLoggingEvent for instanceKey: -1439641231
04-22 17:27:44.440 15971 15971 W msgr.SendSpeedLoggingPlugin: EndSendMessageLoggingEvent for instanceKey: 319486475
04-22 17:27:44.440 15971 15971 W msgr.SendSpeedLoggingPlugin: EndSendMessageLoggingEvent for instanceKey: -894431853
04-22 17:27:44.440 15971 15971 W msgr.SendSpeedLoggingPlugin: EndSendMessageLoggingEvent for instanceKey: 1265400628
04-22 17:27:44.440 15971 15971 W msgr.SendSpeedLoggingPlugin: EndSendMessageLoggingEvent for instanceKey: 2038840177
04-22 17:27:44.440 15971 15971 W msgr.SendSpeedLoggingPlugin: EndSendMessageLoggingEvent for instanceKey: -421633869
04-22 17:27:44.441 15971 15971 W msgr.SendSpeedLoggingPlugin: EndSendMessageLoggingEvent for instanceKey: -387555988
04-22 17:27:44.441 15971 15971 W msgr.SendSpeedLoggingPlugin: EndSendMessageLoggingEvent for instanceKey: -1436133080
04-22 17:27:44.441 15971 15971 W msgr.SendSpeedLoggingPlugin: EndSendMessageLoggingEvent for instanceKey: 2054731706
04-22 17:27:44.441 15971 15971 W msgr.SendSpeedLoggingPlugin: EndSendMessageLoggingEvent for instanceKey: 463047511
04-22 17:27:44.441 15971 15971 W msgr.SendSpeedLoggingPlugin: EndSendMessageLoggingEvent for instanceKey: -414448262
04-22 17:27:44.441 15971 15971 W msgr.SendSpeedLoggingPlugin: EndSendMessageLoggingEvent for instanceKey: 2089028143
04-22 17:27:44.441 15971 15971 W msgr.SendSpeedLoggingPlugin: EndSendMessageLoggingEvent for instanceKey: 1292596888
04-22 17:27:44.441 15971 15971 W msgr.SendSpeedLoggingPlugin: EndSendMessageLoggingEvent for instanceKey: -380706153
04-22 17:27:44.441 15971 15971 W msgr.SendSpeedLoggingPlugin: EndSendMessageLoggingEvent for instanceKey: 1562913770
04-22 17:27:44.441 15971 15971 W msgr.SendSpeedLoggingPlugin: EndSendMessageLoggingEvent for instanceKey: 2146776990
04-22 17:27:44.441 15971 15971 W msgr.SendSpeedLoggingPlugin: EndSendMessageLoggingEvent for instanceKey: 2101285175
04-22 17:27:44.441 15971 15971 W msgr.SendSpeedLoggingPlugin: EndSendMessageLoggingEvent for instanceKey: 698690158
04-22 17:27:44.441 15971 15971 W msgr.SendSpeedLoggingPlugin: EndSendMessageLoggingEvent for instanceKey: 524968280
04-22 17:27:44.441 15971 15971 W msgr.SendSpeedLoggingPlugin: EndSendMessageLoggingEvent for instanceKey: 2008132330
04-22 17:27:44.441 15971 15971 W msgr.SendSpeedLoggingPlugin: EndSendMessageLoggingEvent for instanceKey: 283612992
04-22 17:27:44.441 15971 15971 W msgr.SendSpeedLoggingPlugin: EndSendMessageLoggingEvent for instanceKey: 1228070075
04-22 17:27:44.441 15971 15971 W msgr.SendSpeedLoggingPlugin: EndSendMessageLoggingEvent for instanceKey: 1256029335
04-22 17:27:44.441 15971 15971 W msgr.SendSpeedLoggingPlugin: EndSendMessageLoggingEvent for instanceKey: 1193946884
04-22 17:27:44.441 15971 15971 W msgr.SendSpeedLoggingPlugin: EndSendMessageLoggingEvent for instanceKey: -1568944729
04-22 17:27:44.441 15971 15971 W msgr.SendSpeedLoggingPlugin: EndSendMessageLoggingEvent for instanceKey: -1254747609
04-22 17:27:44.441 15971 15971 W msgr.SendSpeedLoggingPlugin: EndSendMessageLoggingEvent for instanceKey: -1539577944
04-22 17:27:44.441 15971 15971 W msgr.SendSpeedLoggingPlugin: EndSendMessageLoggingEvent for instanceKey: -1308266296
04-22 17:27:44.441 15971 15971 W msgr.SendSpeedLoggingPlugin: EndSendMessageLoggingEvent for instanceKey: 1225768968
04-22 17:27:44.441 15971 15971 W msgr.SendSpeedLoggingPlugin: EndSendMessageLoggingEvent for instanceKey: -1251308469
04-22 17:27:44.441 15971 15971 W msgr.SendSpeedLoggingPlugin: EndSendMessageLoggingEvent for instanceKey: -575251831
04-22 17:27:44.441 15971 15971 W msgr.SendSpeedLoggingPlugin: EndSendMessageLoggingEvent for instanceKey: -1567317087
04-22 17:27:44.442 15971 15971 W msgr.SendSpeedLoggingPlugin: EndSendMessageLoggingEvent for instanceKey: 2006303250
04-22 17:27:44.442 15971 15971 W msgr.SendSpeedLoggingPlugin: EndSendMessageLoggingEvent for instanceKey: -307378649
04-22 17:27:44.442 15971 15971 W msgr.SendSpeedLoggingPlugin: EndSendMessageLoggingEvent for instanceKey: -488071695
04-22 17:27:44.442 15971 15971 W msgr.SendSpeedLoggingPlugin: EndSendMessageLoggingEvent for instanceKey: -1584689240
04-22 17:27:44.442 15971 15971 W msgr.SendSpeedLoggingPlugin: EndSendMessageLoggingEvent for instanceKey: -873662575
04-22 17:27:44.442 15971 15971 W msgr.SendSpeedLoggingPlugin: EndSendMessageLoggingEvent for instanceKey: -1999070715
04-22 17:27:44.446 15971 16038 W msgr.1Dj: class X.22P submitted as runnable to class X.1Dj. Potential deadlocks on get().
04-22 17:27:44.458  1742  1742 W soft_error.cpp: [pando::graphql::PandoGraphQLRequestHybrid::assertValid] : Using a PandoGraphQLRequest after it has been consumed. Query name is IGSharedAccountsQuery
04-22 17:27:44.491  6498  6543 D CompatibilityInfo: mCompatibilityFlags - 0
04-22 17:27:44.491  6498  6543 D CompatibilityInfo: applicationDensity - 560
04-22 17:27:44.491  6498  6543 D CompatibilityInfo: applicationScale - 1.0
04-22 17:27:44.961  6264  6264 I WifiHAL : Creating message to get link statistics; iface = 18
04-22 17:27:45.014  6264  6264 I WifiHAL : In GetLinkStatsCommand::handleResponse
04-22 17:27:45.509  6498  6543 D CompatibilityInfo: mCompatibilityFlags - 0
04-22 17:27:45.509  6498  6543 D CompatibilityInfo: applicationDensity - 560
04-22 17:27:45.509  6498  6543 D CompatibilityInfo: applicationScale - 1.0
04-22 17:27:45.557  1742  1742 E SlowAppComponent: 0ms: KeepWarmReceiver instantiating…
04-22 17:27:45.557  1742  1742 E SlowAppComponent: Main thread was blocked for 47ms in the background starting with KeepWarmReceiver
04-22 17:27:46.142 27439 27462 D BufferPoolAccessor2.0: bufferpool2 0x78a1319538 : 5(19200 size) total buffers - 4(15360 size) used buffers - 100347/100352 (recycle/alloc) - 182/200695 (fetch/transfer)
04-22 17:27:46.164  6385 27470 D BufferPoolAccessor2.0: bufferpool2 0x7b8f967558 : 2(48000 size) total buffers - 1(24000 size) used buffers - 100348/100350 (recycle/alloc) - 81/100348 (fetch/transfer)
04-22 17:27:46.443  1742  2201 W SoLoader: SoLoader already initialized
04-22 17:27:46.454  1742  1848 E msys    : E[N mns:TigonMNS]_OnDiskCacheGetData(1175)=>Start post callback cache refresh DNS resolution
04-22 17:27:46.569  6498  6543 D CompatibilityInfo: mCompatibilityFlags - 0
04-22 17:27:46.569  6498  6543 D CompatibilityInfo: applicationDensity - 560
04-22 17:27:46.569  6498  6543 D CompatibilityInfo: applicationScale - 1.0
04-22 17:27:46.601  1742  1848 E msys    : E[N mns:TigonMNS]_OnResolverSuccess(323)=>Cache refresh succeeded with system DNS resolver. IP count: 1
04-22 17:27:46.773  6498  6657 D ConnectivityService: reportNetworkConnectivity(112, false) by 10165
04-22 17:27:46.774  6837 20428 D NetworkMonitor/112: Forcing reevaluation for UID 10165. Dns signal count: 0
04-22 17:27:46.774  6837 20428 D NetworkMonitor/112: Network would not satisfy default request, resolving private DNS
04-22 17:27:46.776  6498  6657 D ConnectivityService: [112 WIFI|VPN] validation passed
04-22 17:27:47.582  6498  6543 D CompatibilityInfo: mCompatibilityFlags - 0
04-22 17:27:47.582  6498  6543 D CompatibilityInfo: applicationDensity - 560
04-22 17:27:47.582  6498  6543 D CompatibilityInfo: applicationScale - 1.0
04-22 17:27:47.863 15971 16120 E msgr.msys: E[C 1]_MCCLogErrorInternal(330)=>172/1067/2858/-1
04-22 17:27:47.876 31994 32169 E fb4a.msys: E[C 1]_MCCLogErrorInternal(330)=>172/1067/2858/-1
04-22 17:27:47.890 31994 32169 E fb4a.msys: E[C 1]_MCCLogErrorInternal(330)=>172/1067/2858/-1
04-22 17:27:47.890 15971 16120 E msgr.msys: E[C 1]_MCCLogErrorInternal(330)=>172/1067/2858/-1
04-22 17:27:48.054  6264  6264 I WifiHAL : Creating message to get link statistics; iface = 18
04-22 17:27:48.080  6264  6264 I WifiHAL : In GetLinkStatsCommand::handleResponse
04-22 17:27:48.593  6498  6543 D CompatibilityInfo: mCompatibilityFlags - 0
04-22 17:27:48.593  6498  6543 D CompatibilityInfo: applicationDensity - 560
04-22 17:27:48.593  6498  6543 D CompatibilityInfo: applicationScale - 1.0
04-22 17:27:48.715 15971 15971 W msgr.SendSpeedLoggingPlugin: EndSendMessageLoggingEvent for instanceKey: 319335228
04-22 17:27:48.715 15971 15971 W msgr.SendSpeedLoggingPlugin: EndSendMessageLoggingEvent for instanceKey: 763958043
04-22 17:27:48.715 15971 15971 W msgr.SendSpeedLoggingPlugin: EndSendMessageLoggingEvent for instanceKey: -63106563
04-22 17:27:48.715 15971 15971 W msgr.SendSpeedLoggingPlugin: EndSendMessageLoggingEvent for instanceKey: 1629434458
04-22 17:27:48.715 15971 15971 W msgr.SendSpeedLoggingPlugin: EndSendMessageLoggingEvent for instanceKey: -795906852
04-22 17:27:48.715 15971 15971 W msgr.SendSpeedLoggingPlugin: EndSendMessageLoggingEvent for instanceKey: -2136787798
04-22 17:27:48.715 15971 15971 W msgr.SendSpeedLoggingPlugin: EndSendMessageLoggingEvent for instanceKey: -752737104
04-22 17:27:48.716 15971 15971 W msgr.SendSpeedLoggingPlugin: EndSendMessageLoggingEvent for instanceKey: 120791809
04-22 17:27:48.716 15971 15971 W msgr.SendSpeedLoggingPlugin: EndSendMessageLoggingEvent for instanceKey: 619313985
04-22 17:27:48.716 15971 15971 W msgr.SendSpeedLoggingPlugin: EndSendMessageLoggingEvent for instanceKey: 1300629261
04-22 17:27:48.716 15971 15971 W msgr.SendSpeedLoggingPlugin: EndSendMessageLoggingEvent for instanceKey: -1938545818
04-22 17:27:48.716 15971 15971 W msgr.SendSpeedLoggingPlugin: EndSendMessageLoggingEvent for instanceKey: -1451852180
04-22 17:27:48.716 15971 15971 W msgr.SendSpeedLoggingPlugin: EndSendMessageLoggingEvent for instanceKey: -2014563234
04-22 17:27:48.716 15971 15971 W msgr.SendSpeedLoggingPlugin: EndSendMessageLoggingEvent for instanceKey: 1300629258
04-22 17:27:48.716 15971 15971 W msgr.SendSpeedLoggingPlugin: EndSendMessageLoggingEvent for instanceKey: 416383363
04-22 17:27:48.716 15971 15971 W msgr.SendSpeedLoggingPlugin: EndSendMessageLoggingEvent for instanceKey: 1428257291
04-22 17:27:48.716 15971 15971 W msgr.SendSpeedLoggingPlugin: EndSendMessageLoggingEvent for instanceKey: -1060561966
04-22 17:27:48.716 15971 15971 W msgr.SendSpeedLoggingPlugin: EndSendMessageLoggingEvent for instanceKey: -764859602
04-22 17:27:48.716 15971 15971 W msgr.SendSpeedLoggingPlugin: EndSendMessageLoggingEvent for instanceKey: 1300629254
04-22 17:27:48.716 15971 15971 W msgr.SendSpeedLoggingPlugin: EndSendMessageLoggingEvent for instanceKey: -1911356549
04-22 17:27:48.716 15971 15971 W msgr.SendSpeedLoggingPlugin: EndSendMessageLoggingEvent for instanceKey: -1765304679
04-22 17:27:48.716 15971 15971 W msgr.SendSpeedLoggingPlugin: EndSendMessageLoggingEvent for instanceKey: -1606342725
04-22 17:27:48.716 15971 15971 W msgr.SendSpeedLoggingPlugin: EndSendMessageLoggingEvent for instanceKey: -811925219
04-22 17:27:48.716 15971 15971 W msgr.SendSpeedLoggingPlugin: EndSendMessageLoggingEvent for instanceKey: 1336777209
04-22 17:27:48.716 15971 15971 W msgr.SendSpeedLoggingPlugin: EndSendMessageLoggingEvent for instanceKey: 1853394841
04-22 17:27:48.716 15971 15971 W msgr.SendSpeedLoggingPlugin: EndSendMessageLoggingEvent for instanceKey: 837735656
04-22 17:27:48.716 15971 15971 W msgr.SendSpeedLoggingPlugin: EndSendMessageLoggingEvent for instanceKey: 2105885045
04-22 17:27:48.716 15971 15971 W msgr.SendSpeedLoggingPlugin: EndSendMessageLoggingEvent for instanceKey: -620065835
04-22 17:27:48.716 15971 15971 W msgr.SendSpeedLoggingPlugin: EndSendMessageLoggingEvent for instanceKey: 1336341756
04-22 17:27:48.716 15971 15971 W msgr.SendSpeedLoggingPlugin: EndSendMessageLoggingEvent for instanceKey: -1502417829
04-22 17:27:48.716 15971 15971 W msgr.SendSpeedLoggingPlugin: EndSendMessageLoggingEvent for instanceKey: -929587045
04-22 17:27:48.717 15971 15971 W msgr.SendSpeedLoggingPlugin: EndSendMessageLoggingEvent for instanceKey: 1982863206
04-22 17:27:48.717 15971 15971 W msgr.SendSpeedLoggingPlugin: EndSendMessageLoggingEvent for instanceKey: -1285006522
04-22 17:27:48.717 15971 15971 W msgr.SendSpeedLoggingPlugin: EndSendMessageLoggingEvent for instanceKey: -179807018
04-22 17:27:48.717 15971 15971 W msgr.SendSpeedLoggingPlugin: EndSendMessageLoggingEvent for instanceKey: -1040939998
04-22 17:27:48.717 15971 15971 W msgr.SendSpeedLoggingPlugin: EndSendMessageLoggingEvent for instanceKey: -1070419455
04-22 17:27:48.717 15971 15971 W msgr.SendSpeedLoggingPlugin: EndSendMessageLoggingEvent for instanceKey: 1108785521
04-22 17:27:48.717 15971 15971 W msgr.SendSpeedLoggingPlugin: EndSendMessageLoggingEvent for instanceKey: -1767587673
04-22 17:27:48.717 15971 15971 W msgr.SendSpeedLoggingPlugin: EndSendMessageLoggingEvent for instanceKey: 1930338895
04-22 17:27:48.717 15971 15971 W msgr.SendSpeedLoggingPlugin: EndSendMessageLoggingEvent for instanceKey: -1829337094
04-22 17:27:48.717 15971 15971 W msgr.SendSpeedLoggingPlugin: EndSendMessageLoggingEvent for instanceKey: -1971399608
04-22 17:27:48.717 15971 15971 W msgr.SendSpeedLoggingPlugin: EndSendMessageLoggingEvent for instanceKey: 1767021948
04-22 17:27:48.717 15971 15971 W msgr.SendSpeedLoggingPlugin: EndSendMessageLoggingEvent for instanceKey: 2142784158
04-22 17:27:48.717 15971 15971 W msgr.SendSpeedLoggingPlugin: EndSendMessageLoggingEvent for instanceKey: -335707330
04-22 17:27:48.717 15971 15971 W msgr.SendSpeedLoggingPlugin: EndSendMessageLoggingEvent for instanceKey: -449622085
04-22 17:27:48.717 15971 15971 W msgr.SendSpeedLoggingPlugin: EndSendMessageLoggingEvent for instanceKey: 902979844
04-22 17:27:48.717 15971 15971 W msgr.SendSpeedLoggingPlugin: EndSendMessageLoggingEvent for instanceKey: -1425785532
04-22 17:27:48.717 15971 15971 W msgr.SendSpeedLoggingPlugin: EndSendMessageLoggingEvent for instanceKey: 684587921
04-22 17:27:48.717 15971 15971 W msgr.SendSpeedLoggingPlugin: EndSendMessageLoggingEvent for instanceKey: 1383230008
04-22 17:27:48.717 15971 15971 W msgr.SendSpeedLoggingPlugin: EndSendMessageLoggingEvent for instanceKey: -456873836
04-22 17:27:48.717 15971 15971 W msgr.SendSpeedLoggingPlugin: EndSendMessageLoggingEvent for instanceKey: -376344384
04-22 17:27:48.717 15971 15971 W msgr.SendSpeedLoggingPlugin: EndSendMessageLoggingEvent for instanceKey: -232211890
04-22 17:27:48.717 15971 15971 W msgr.SendSpeedLoggingPlugin: EndSendMessageLoggingEvent for instanceKey: 1516694629
04-22 17:27:48.717 15971 15971 W msgr.SendSpeedLoggingPlugin: EndSendMessageLoggingEvent for instanceKey: 599618676
04-22 17:27:48.717 15971 15971 W msgr.SendSpeedLoggingPlugin: EndSendMessageLoggingEvent for instanceKey: -1648166870
04-22 17:27:48.717 15971 15971 W msgr.SendSpeedLoggingPlugin: EndSendMessageLoggingEvent for instanceKey: 1743629645
04-22 17:27:48.717 15971 15971 W msgr.SendSpeedLoggingPlugin: EndSendMessageLoggingEvent for instanceKey: 879973423
04-22 17:27:48.718 15971 15971 W msgr.SendSpeedLoggingPlugin: EndSendMessageLoggingEvent for instanceKey: 1702553946
04-22 17:27:48.718 15971 15971 W msgr.SendSpeedLoggingPlugin: EndSendMessageLoggingEvent for instanceKey: 262728965
04-22 17:27:48.718 15971 15971 W msgr.SendSpeedLoggingPlugin: EndSendMessageLoggingEvent for instanceKey: -1934386684
04-22 17:27:48.718 15971 15971 W msgr.SendSpeedLoggingPlugin: EndSendMessageLoggingEvent for instanceKey: -121052610
04-22 17:27:48.718 15971 15971 W msgr.SendSpeedLoggingPlugin: EndSendMessageLoggingEvent for instanceKey: 1300629107
04-22 17:27:48.718 15971 15971 W msgr.SendSpeedLoggingPlugin: EndSendMessageLoggingEvent for instanceKey: -1130084810
04-22 17:27:48.718 15971 15971 W msgr.SendSpeedLoggingPlugin: EndSendMessageLoggingEvent for instanceKey: -1116346563
04-22 17:27:48.718 15971 15971 W msgr.SendSpeedLoggingPlugin: EndSendMessageLoggingEvent for instanceKey: 592463923
04-22 17:27:48.718 15971 15971 W msgr.SendSpeedLoggingPlugin: EndSendMessageLoggingEvent for instanceKey: -1066712354
04-22 17:27:48.718 15971 15971 W msgr.SendSpeedLoggingPlugin: EndSendMessageLoggingEvent for instanceKey: -1652252950
04-22 17:27:48.718 15971 15971 W msgr.SendSpeedLoggingPlugin: EndSendMessageLoggingEvent for instanceKey: -776915927
