04-22 17:28:03.334 15971 15971 W msgr.SendSpeedLoggingPlugin: EndSendMessageLoggingEvent for instanceKey: 1607038126
04-22 17:28:03.335 15971 15971 W msgr.SendSpeedLoggingPlugin: EndSendMessageLoggingEvent for instanceKey: 1799665289
04-22 17:28:03.335 15971 15971 W msgr.SendSpeedLoggingPlugin: EndSendMessageLoggingEvent for instanceKey: 1106361632
04-22 17:28:03.335 15971 15971 W msgr.SendSpeedLoggingPlugin: EndSendMessageLoggingEvent for instanceKey: 113484047
04-22 17:28:03.335 15971 15971 W msgr.SendSpeedLoggingPlugin: EndSendMessageLoggingEvent for instanceKey: 1012377569
04-22 17:28:03.335 15971 15971 W msgr.SendSpeedLoggingPlugin: EndSendMessageLoggingEvent for instanceKey: 1272931137
04-22 17:28:03.335 15971 15971 W msgr.SendSpeedLoggingPlugin: EndSendMessageLoggingEvent for instanceKey: 748073510
04-22 17:28:03.335 15971 15971 W msgr.SendSpeedLoggingPlugin: EndSendMessageLoggingEvent for instanceKey: -171041334
04-22 17:28:03.335 15971 15971 W msgr.SendSpeedLoggingPlugin: EndSendMessageLoggingEvent for instanceKey: -1529687987
04-22 17:28:03.335 15971 15971 W msgr.SendSpeedLoggingPlugin: EndSendMessageLoggingEvent for instanceKey: -1440980861
04-22 17:28:03.335 15971 15971 W msgr.SendSpeedLoggingPlugin: EndSendMessageLoggingEvent for instanceKey: -1905231798
04-22 17:28:03.335 15971 15971 W msgr.SendSpeedLoggingPlugin: EndSendMessageLoggingEvent for instanceKey: -1512313589
04-22 17:28:03.335 15971 15971 W msgr.SendSpeedLoggingPlugin: EndSendMessageLoggingEvent for instanceKey: -328172745
04-22 17:28:03.335 15971 15971 W msgr.SendSpeedLoggingPlugin: EndSendMessageLoggingEvent for instanceKey: 1264777306
04-22 17:28:03.335 15971 15971 W msgr.SendSpeedLoggingPlugin: EndSendMessageLoggingEvent for instanceKey: 698575302
04-22 17:28:03.335 15971 15971 W msgr.SendSpeedLoggingPlugin: EndSendMessageLoggingEvent for instanceKey: 282147925
04-22 17:28:03.335 15971 15971 W msgr.SendSpeedLoggingPlugin: EndSendMessageLoggingEvent for instanceKey: 1300628332
04-22 17:28:03.335 15971 15971 W msgr.SendSpeedLoggingPlugin: EndSendMessageLoggingEvent for instanceKey: 1314427140
04-22 17:28:03.335 15971 15971 W msgr.SendSpeedLoggingPlugin: EndSendMessageLoggingEvent for instanceKey: 1498248380
04-22 17:28:03.335 15971 15971 W msgr.SendSpeedLoggingPlugin: EndSendMessageLoggingEvent for instanceKey: -2050811112
04-22 17:28:03.335 15971 15971 W msgr.SendSpeedLoggingPlugin: EndSendMessageLoggingEvent for instanceKey: -393335869
04-22 17:28:03.335 15971 15971 W msgr.SendSpeedLoggingPlugin: EndSendMessageLoggingEvent for instanceKey: 612633324
04-22 17:28:03.335 15971 15971 W msgr.SendSpeedLoggingPlugin: EndSendMessageLoggingEvent for instanceKey: 73949282
04-22 17:28:03.335 15971 15971 W msgr.SendSpeedLoggingPlugin: EndSendMessageLoggingEvent for instanceKey: -1519776705
04-22 17:28:03.335 15971 15971 W msgr.SendSpeedLoggingPlugin: EndSendMessageLoggingEvent for instanceKey: -339949461
04-22 17:28:03.335 15971 15971 W msgr.SendSpeedLoggingPlugin: EndSendMessageLoggingEvent for instanceKey: -909044110
04-22 17:28:03.335 15971 15971 W msgr.SendSpeedLoggingPlugin: EndSendMessageLoggingEvent for instanceKey: 1134989723
04-22 17:28:03.335 15971 15971 W msgr.SendSpeedLoggingPlugin: EndSendMessageLoggingEvent for instanceKey: 72854528
04-22 17:28:03.335 15971 15971 W msgr.SendSpeedLoggingPlugin: EndSendMessageLoggingEvent for instanceKey: 1300628300
04-22 17:28:03.335 15971 15971 W msgr.SendSpeedLoggingPlugin: EndSendMessageLoggingEvent for instanceKey: -1024297977
04-22 17:28:03.336 15971 15971 W msgr.SendSpeedLoggingPlugin: EndSendMessageLoggingEvent for instanceKey: 1300628299
04-22 17:28:03.336 15971 15971 W msgr.SendSpeedLoggingPlugin: EndSendMessageLoggingEvent for instanceKey: 1886947954
04-22 17:28:03.336 15971 15971 W msgr.SendSpeedLoggingPlugin: EndSendMessageLoggingEvent for instanceKey: -1615061121
04-22 17:28:03.336 15971 15971 W msgr.SendSpeedLoggingPlugin: EndSendMessageLoggingEvent for instanceKey: 1961326937
04-22 17:28:03.336 15971 15971 W msgr.SendSpeedLoggingPlugin: EndSendMessageLoggingEvent for instanceKey: 1881789829
04-22 17:28:03.336 15971 15971 W msgr.SendSpeedLoggingPlugin: EndSendMessageLoggingEvent for instanceKey: 1715029796
04-22 17:28:03.336 15971 15971 W msgr.SendSpeedLoggingPlugin: EndSendMessageLoggingEvent for instanceKey: 1564256571
04-22 17:28:03.336 15971 15971 W msgr.SendSpeedLoggingPlugin: EndSendMessageLoggingEvent for instanceKey: -13979082
04-22 17:28:03.336 15971 15971 W msgr.SendSpeedLoggingPlugin: EndSendMessageLoggingEvent for instanceKey: -1477038789
04-22 17:28:03.336 15971 15971 W msgr.SendSpeedLoggingPlugin: EndSendMessageLoggingEvent for instanceKey: -461027387
04-22 17:28:03.336 15971 15971 W msgr.SendSpeedLoggingPlugin: EndSendMessageLoggingEvent for instanceKey: -1868252315
04-22 17:28:03.336 15971 15971 W msgr.SendSpeedLoggingPlugin: EndSendMessageLoggingEvent for instanceKey: -1777042253
04-22 17:28:03.336 15971 15971 W msgr.SendSpeedLoggingPlugin: EndSendMessageLoggingEvent for instanceKey: -996115385
04-22 17:28:03.336 15971 15971 W msgr.SendSpeedLoggingPlugin: EndSendMessageLoggingEvent for instanceKey: -1163976715
04-22 17:28:03.336 15971 15971 W msgr.SendSpeedLoggingPlugin: EndSendMessageLoggingEvent for instanceKey: 830391707
04-22 17:28:03.336 15971 15971 W msgr.SendSpeedLoggingPlugin: EndSendMessageLoggingEvent for instanceKey: 1434935502
04-22 17:28:03.336 15971 15971 W msgr.SendSpeedLoggingPlugin: EndSendMessageLoggingEvent for instanceKey: -1068086288
04-22 17:28:03.336 15971 15971 W msgr.SendSpeedLoggingPlugin: EndSendMessageLoggingEvent for instanceKey: 1731966774
04-22 17:28:03.336 15971 15971 W msgr.SendSpeedLoggingPlugin: EndSendMessageLoggingEvent for instanceKey: 1488784555
04-22 17:28:03.336 15971 15971 W msgr.SendSpeedLoggingPlugin: EndSendMessageLoggingEvent for instanceKey: 1300628239
04-22 17:28:03.336 15971 15971 W msgr.SendSpeedLoggingPlugin: EndSendMessageLoggingEvent for instanceKey: 69824256
04-22 17:28:03.336 15971 15971 W msgr.SendSpeedLoggingPlugin: EndSendMessageLoggingEvent for instanceKey: -534185603
04-22 17:28:03.336 15971 15971 W msgr.SendSpeedLoggingPlugin: EndSendMessageLoggingEvent for instanceKey: -1370052886
04-22 17:28:03.336 15971 15971 W msgr.SendSpeedLoggingPlugin: EndSendMessageLoggingEvent for instanceKey: 562742556
04-22 17:28:03.337 15971 15971 W msgr.SendSpeedLoggingPlugin: EndSendMessageLoggingEvent for instanceKey: 297060673
04-22 17:28:03.337 15971 15971 W msgr.SendSpeedLoggingPlugin: EndSendMessageLoggingEvent for instanceKey: -1069412985
04-22 17:28:03.337 15971 15971 W msgr.SendSpeedLoggingPlugin: EndSendMessageLoggingEvent for instanceKey: -1943890613
04-22 17:28:03.337 15971 15971 W msgr.SendSpeedLoggingPlugin: EndSendMessageLoggingEvent for instanceKey: -1372351759
04-22 17:28:03.337 15971 15971 W msgr.SendSpeedLoggingPlugin: EndSendMessageLoggingEvent for instanceKey: 672344691
04-22 17:28:03.337 15971 15971 W msgr.SendSpeedLoggingPlugin: EndSendMessageLoggingEvent for instanceKey: 519387768
04-22 17:28:03.337 15971 15971 W msgr.SendSpeedLoggingPlugin: EndSendMessageLoggingEvent for instanceKey: 659715606
04-22 17:28:03.337 15971 15971 W msgr.SendSpeedLoggingPlugin: EndSendMessageLoggingEvent for instanceKey: -642126592
04-22 17:28:03.337 15971 15971 W msgr.SendSpeedLoggingPlugin: EndSendMessageLoggingEvent for instanceKey: -53768553
04-22 17:28:03.337 15971 15971 W msgr.SendSpeedLoggingPlugin: EndSendMessageLoggingEvent for instanceKey: -217856151
04-22 17:28:03.337 15971 15971 W msgr.SendSpeedLoggingPlugin: EndSendMessageLoggingEvent for instanceKey: -175688727
04-22 17:28:03.337 15971 15971 W msgr.SendSpeedLoggingPlugin: EndSendMessageLoggingEvent for instanceKey: -1642137410
04-22 17:28:03.337 15971 15971 W msgr.SendSpeedLoggingPlugin: EndSendMessageLoggingEvent for instanceKey: 799484968
04-22 17:28:03.337 15971 15971 W msgr.SendSpeedLoggingPlugin: EndSendMessageLoggingEvent for instanceKey: 1876152608
04-22 17:28:03.337 15971 15971 W msgr.SendSpeedLoggingPlugin: EndSendMessageLoggingEvent for instanceKey: -1595412249
04-22 17:28:03.337 15971 15971 W msgr.SendSpeedLoggingPlugin: EndSendMessageLoggingEvent for instanceKey: 1953786366
04-22 17:28:03.337 15971 15971 W msgr.SendSpeedLoggingPlugin: EndSendMessageLoggingEvent for instanceKey: 1524092491
04-22 17:28:03.337 15971 15971 W msgr.SendSpeedLoggingPlugin: EndSendMessageLoggingEvent for instanceKey: 1300628176
04-22 17:28:03.337 15971 15971 W msgr.SendSpeedLoggingPlugin: EndSendMessageLoggingEvent for instanceKey: -1912680135
04-22 17:28:03.337 15971 15971 W msgr.SendSpeedLoggingPlugin: EndSendMessageLoggingEvent for instanceKey: 1890061878
04-22 17:28:03.337 15971 15971 W msgr.SendSpeedLoggingPlugin: EndSendMessageLoggingEvent for instanceKey: 343412119
04-22 17:28:03.337 15971 15971 W msgr.SendSpeedLoggingPlugin: EndSendMessageLoggingEvent for instanceKey: 248385139
04-22 17:28:03.337 15971 15971 W msgr.SendSpeedLoggingPlugin: EndSendMessageLoggingEvent for instanceKey: -1947367138
04-22 17:28:03.337 15971 15971 W msgr.SendSpeedLoggingPlugin: EndSendMessageLoggingEvent for instanceKey: -585107202
04-22 17:28:03.337 15971 15971 W msgr.SendSpeedLoggingPlugin: EndSendMessageLoggingEvent for instanceKey: -405158456
04-22 17:28:03.338 15971 15971 W msgr.SendSpeedLoggingPlugin: EndSendMessageLoggingEvent for instanceKey: 2109451214
04-22 17:28:03.338 15971 15971 W msgr.SendSpeedLoggingPlugin: EndSendMessageLoggingEvent for instanceKey: 1300628168
04-22 17:28:03.338 15971 15971 W msgr.SendSpeedLoggingPlugin: EndSendMessageLoggingEvent for instanceKey: 904424196
04-22 17:28:03.338 15971 15971 W msgr.SendSpeedLoggingPlugin: EndSendMessageLoggingEvent for instanceKey: -631067766
04-22 17:28:03.338 15971 15971 W msgr.SendSpeedLoggingPlugin: EndSendMessageLoggingEvent for instanceKey: -1947607380
04-22 17:28:03.338 15971 15971 W msgr.SendSpeedLoggingPlugin: EndSendMessageLoggingEvent for instanceKey: -2130480929
04-22 17:28:03.338 15971 15971 W msgr.SendSpeedLoggingPlugin: EndSendMessageLoggingEvent for instanceKey: 1678161452
04-22 17:28:03.338 15971 15971 W msgr.SendSpeedLoggingPlugin: EndSendMessageLoggingEvent for instanceKey: 316990688
04-22 17:28:03.338 15971 15971 W msgr.SendSpeedLoggingPlugin: EndSendMessageLoggingEvent for instanceKey: 410401039
04-22 17:28:03.338 15971 15971 W msgr.SendSpeedLoggingPlugin: EndSendMessageLoggingEvent for instanceKey: -704641333
04-22 17:28:03.338 15971 15971 W msgr.SendSpeedLoggingPlugin: EndSendMessageLoggingEvent for instanceKey: -1390191323
04-22 17:28:03.338 15971 15971 W msgr.SendSpeedLoggingPlugin: EndSendMessageLoggingEvent for instanceKey: 416563967
04-22 17:28:03.338 15971 15971 W msgr.SendSpeedLoggingPlugin: EndSendMessageLoggingEvent for instanceKey: 1191680939
04-22 17:28:03.338 15971 15971 W msgr.SendSpeedLoggingPlugin: EndSendMessageLoggingEvent for instanceKey: 561499193
04-22 17:28:03.338 15971 15971 W msgr.SendSpeedLoggingPlugin: EndSendMessageLoggingEvent for instanceKey: -655632183
04-22 17:28:03.338 15971 15971 W msgr.SendSpeedLoggingPlugin: EndSendMessageLoggingEvent for instanceKey: 861219648
04-22 17:28:03.338 15971 15971 W msgr.SendSpeedLoggingPlugin: EndSendMessageLoggingEvent for instanceKey: -1443256879
04-22 17:28:03.338 15971 15971 W msgr.SendSpeedLoggingPlugin: EndSendMessageLoggingEvent for instanceKey: -133905923
04-22 17:28:03.338 15971 15971 W msgr.SendSpeedLoggingPlugin: EndSendMessageLoggingEvent for instanceKey: 1300628110
04-22 17:28:03.338 15971 15971 W msgr.SendSpeedLoggingPlugin: EndSendMessageLoggingEvent for instanceKey: -997919308
04-22 17:28:03.338 15971 15971 W msgr.SendSpeedLoggingPlugin: EndSendMessageLoggingEvent for instanceKey: 730110203
04-22 17:28:03.338 15971 15971 W msgr.SendSpeedLoggingPlugin: EndSendMessageLoggingEvent for instanceKey: 409099706
04-22 17:28:03.338 15971 15971 W msgr.SendSpeedLoggingPlugin: EndSendMessageLoggingEvent for instanceKey: -1764605880
04-22 17:28:03.338 15971 15971 W msgr.SendSpeedLoggingPlugin: EndSendMessageLoggingEvent for instanceKey: -823236069
04-22 17:28:03.338 15971 15971 W msgr.SendSpeedLoggingPlugin: EndSendMessageLoggingEvent for instanceKey: 1587726641
04-22 17:28:03.339 15971 15971 W msgr.SendSpeedLoggingPlugin: EndSendMessageLoggingEvent for instanceKey: -641986200
04-22 17:28:03.339 15971 15971 W msgr.SendSpeedLoggingPlugin: EndSendMessageLoggingEvent for instanceKey: -1454204697
04-22 17:28:03.339 15971 15971 W msgr.SendSpeedLoggingPlugin: EndSendMessageLoggingEvent for instanceKey: 800232248
04-22 17:28:03.339 15971 15971 W msgr.SendSpeedLoggingPlugin: EndSendMessageLoggingEvent for instanceKey: 1613749851
04-22 17:28:03.339 15971 15971 W msgr.SendSpeedLoggingPlugin: EndSendMessageLoggingEvent for instanceKey: -1295481828
04-22 17:28:03.339 15971 15971 W msgr.SendSpeedLoggingPlugin: EndSendMessageLoggingEvent for instanceKey: 1892184042
04-22 17:28:03.339 15971 15971 W msgr.SendSpeedLoggingPlugin: EndSendMessageLoggingEvent for instanceKey: -1044251191
04-22 17:28:03.339 15971 15971 W msgr.SendSpeedLoggingPlugin: EndSendMessageLoggingEvent for instanceKey: -1170213663
04-22 17:28:03.339 15971 15971 W msgr.SendSpeedLoggingPlugin: EndSendMessageLoggingEvent for instanceKey: -1566354179
04-22 17:28:03.339 15971 15971 W msgr.SendSpeedLoggingPlugin: EndSendMessageLoggingEvent for instanceKey: -1788632807
04-22 17:28:03.339 15971 15971 W msgr.SendSpeedLoggingPlugin: EndSendMessageLoggingEvent for instanceKey: 1300627401
04-22 17:28:03.339 15971 15971 W msgr.SendSpeedLoggingPlugin: EndSendMessageLoggingEvent for instanceKey: 424864934
04-22 17:28:03.339 15971 15971 W msgr.SendSpeedLoggingPlugin: EndSendMessageLoggingEvent for instanceKey: 975481707
04-22 17:28:03.339 15971 15971 W msgr.SendSpeedLoggingPlugin: EndSendMessageLoggingEvent for instanceKey: -1268777783
04-22 17:28:03.339 15971 15971 W msgr.SendSpeedLoggingPlugin: EndSendMessageLoggingEvent for instanceKey: 235441478
04-22 17:28:03.339 15971 15971 W msgr.SendSpeedLoggingPlugin: EndSendMessageLoggingEvent for instanceKey: -1439641231
04-22 17:28:03.339 15971 15971 W msgr.SendSpeedLoggingPlugin: EndSendMessageLoggingEvent for instanceKey: 319486475
04-22 17:28:03.339 15971 15971 W msgr.SendSpeedLoggingPlugin: EndSendMessageLoggingEvent for instanceKey: -894431853
04-22 17:28:03.339 15971 15971 W msgr.SendSpeedLoggingPlugin: EndSendMessageLoggingEvent for instanceKey: 1265400628
04-22 17:28:03.339 15971 15971 W msgr.SendSpeedLoggingPlugin: EndSendMessageLoggingEvent for instanceKey: 2038840177
04-22 17:28:03.339 15971 15971 W msgr.SendSpeedLoggingPlugin: EndSendMessageLoggingEvent for instanceKey: -421633869
04-22 17:28:03.339 15971 15971 W msgr.SendSpeedLoggingPlugin: EndSendMessageLoggingEvent for instanceKey: -387555988
04-22 17:28:03.339 15971 15971 W msgr.SendSpeedLoggingPlugin: EndSendMessageLoggingEvent for instanceKey: -1436133080
04-22 17:28:03.339 15971 15971 W msgr.SendSpeedLoggingPlugin: EndSendMessageLoggingEvent for instanceKey: 2054731706
04-22 17:28:03.339 15971 15971 W msgr.SendSpeedLoggingPlugin: EndSendMessageLoggingEvent for instanceKey: 463047511
04-22 17:28:03.339 15971 15971 W msgr.SendSpeedLoggingPlugin: EndSendMessageLoggingEvent for instanceKey: -414448262
04-22 17:28:03.339 15971 15971 W msgr.SendSpeedLoggingPlugin: EndSendMessageLoggingEvent for instanceKey: 2089028143
04-22 17:28:03.340 15971 15971 W msgr.SendSpeedLoggingPlugin: EndSendMessageLoggingEvent for instanceKey: 1292596888
04-22 17:28:03.340 15971 15971 W msgr.SendSpeedLoggingPlugin: EndSendMessageLoggingEvent for instanceKey: -380706153
04-22 17:28:03.340 15971 15971 W msgr.SendSpeedLoggingPlugin: EndSendMessageLoggingEvent for instanceKey: 1562913770
04-22 17:28:03.340 15971 15971 W msgr.SendSpeedLoggingPlugin: EndSendMessageLoggingEvent for instanceKey: 2146776990
04-22 17:28:03.340 15971 15971 W msgr.SendSpeedLoggingPlugin: EndSendMessageLoggingEvent for instanceKey: 2101285175
04-22 17:28:03.340 15971 15971 W msgr.SendSpeedLoggingPlugin: EndSendMessageLoggingEvent for instanceKey: 698690158
04-22 17:28:03.340 15971 15971 W msgr.SendSpeedLoggingPlugin: EndSendMessageLoggingEvent for instanceKey: 524968280
04-22 17:28:03.340 15971 15971 W msgr.SendSpeedLoggingPlugin: EndSendMessageLoggingEvent for instanceKey: 2008132330
04-22 17:28:03.340 15971 15971 W msgr.SendSpeedLoggingPlugin: EndSendMessageLoggingEvent for instanceKey: 283612992
04-22 17:28:03.340 15971 15971 W msgr.SendSpeedLoggingPlugin: EndSendMessageLoggingEvent for instanceKey: 1228070075
04-22 17:28:03.340 15971 15971 W msgr.SendSpeedLoggingPlugin: EndSendMessageLoggingEvent for instanceKey: 1256029335
04-22 17:28:03.340 15971 15971 W msgr.SendSpeedLoggingPlugin: EndSendMessageLoggingEvent for instanceKey: 1193946884
04-22 17:28:03.340 15971 15971 W msgr.SendSpeedLoggingPlugin: EndSendMessageLoggingEvent for instanceKey: -1568944729
04-22 17:28:03.340 15971 15971 W msgr.SendSpeedLoggingPlugin: EndSendMessageLoggingEvent for instanceKey: -1254747609
04-22 17:28:03.340 15971 15971 W msgr.SendSpeedLoggingPlugin: EndSendMessageLoggingEvent for instanceKey: -1539577944
04-22 17:28:03.340 15971 15971 W msgr.SendSpeedLoggingPlugin: EndSendMessageLoggingEvent for instanceKey: -1308266296
04-22 17:28:03.340 15971 15971 W msgr.SendSpeedLoggingPlugin: EndSendMessageLoggingEvent for instanceKey: 1225768968
04-22 17:28:03.340 15971 15971 W msgr.SendSpeedLoggingPlugin: EndSendMessageLoggingEvent for instanceKey: -1251308469
04-22 17:28:03.340 15971 15971 W msgr.SendSpeedLoggingPlugin: EndSendMessageLoggingEvent for instanceKey: -575251831
04-22 17:28:03.340 15971 15971 W msgr.SendSpeedLoggingPlugin: EndSendMessageLoggingEvent for instanceKey: -1567317087
04-22 17:28:03.341 15971 15971 W msgr.SendSpeedLoggingPlugin: EndSendMessageLoggingEvent for instanceKey: 2006303250
04-22 17:28:03.341 15971 15971 W msgr.SendSpeedLoggingPlugin: EndSendMessageLoggingEvent for instanceKey: -307378649
04-22 17:28:03.341 15971 15971 W msgr.SendSpeedLoggingPlugin: EndSendMessageLoggingEvent for instanceKey: -488071695
04-22 17:28:03.341 15971 15971 W msgr.SendSpeedLoggingPlugin: EndSendMessageLoggingEvent for instanceKey: -1584689240
04-22 17:28:03.341 15971 15971 W msgr.SendSpeedLoggingPlugin: EndSendMessageLoggingEvent for instanceKey: -873662575
04-22 17:28:03.341 15971 15971 W msgr.SendSpeedLoggingPlugin: EndSendMessageLoggingEvent for instanceKey: -1999070715
04-22 17:28:03.370  6264  6264 I WifiHAL : Creating message to get link statistics; iface = 18
04-22 17:28:03.375 31994 32170 E fb4a.msys: E[C MEMConnectionManager]__DisconnectIfNeededOnNetworkContextAsyncImpl(1301)=>[Critical] Call WCCConnectionMEMDisconnectImmediately with event id: 3
04-22 17:28:03.376 31994 32170 E fb4a.msys: E[N WCCConnectionMEM]_WCCConnectionMEMDoDisconnect(1912)=>[INFO] connection/disconnect/[internalState=5]
04-22 17:28:03.376 31994 32170 E fb4a.msys: E[N WA]WCCXMPPStreamDisconnectImmediately(909)=>[WARNING] xmpp/disconnect/immediate in state=2 reason={stateChangeSource: 0, stateChangeReason: 0}
04-22 17:28:03.377 31994 32170 E fb4a.msys: E[N WA]_WCCXMPPStreamDisconnectHandler(340)=>xmpp/disconnect - WCIStreamStateErrorCode: 1, domain: WCIStreamState, subdomain: happyeyeballs: Error Domain=WCIStreamState Code=1 UserInfo=0x120d0c7900 {MCFErrorDirectUnderlyingErrorKey=0x7924509a10 "Error Domain=happyeyeballs Code=1"}
04-22 17:28:03.377 31994 32170 E fb4a.msys: E[N WCCConnectionMEM]_WCCConnectionMEMLifecycleEventHandler(2237)=>[INFO] connection/xmpp/lifecycle_event/not-connected, [120.0185s]
04-22 17:28:03.378 31994 32170 E fb4a.msys: E[N WA]_WCCXMPPStreamDoDisconnect(1307)=>xmpp/disconnect - flags: 0
04-22 17:28:03.378 31994 32170 E fb4a.msys: E[N WCCConnectionMEM]_WCCConnectionMEMEmitStateChange(3250)=>[INFO] connection/new_state/not-connected [connection_id=699040428, wcc_source=1, wcc_reason=0]
04-22 17:28:03.379 31994 32170 E fb4a.msys: E[C MEMConnectionManager]_MEMConnectionManagerStateChangeHandler(595)=>[Critical] MEMConnectionState updated to ID: 0 with connectionId: 699040428
04-22 17:28:03.402  6264  6264 I WifiHAL : In GetLinkStatsCommand::handleResponse
04-22 17:28:03.461 15971 16038 W msgr.1Dj: class X.2Ba submitted as runnable to class X.1Dj. Potential deadlocks on get().
04-22 17:28:03.487 15971 16038 W msgr.1Dj: class X.22P submitted as runnable to class X.1Dj. Potential deadlocks on get().
04-22 17:28:03.522 20105  2344 I AOSP-MdnsDiscoveryManag: Trigger send thread. [CONTEXT service_id=168 ]
04-22 17:28:03.522 20105  2344 I AOSP-MdnsDiscoveryManag: Trigger send thread. [CONTEXT service_id=168 ]
04-22 17:28:03.522 20105  2342 I AOSP-MdnsDiscoveryManag: Sending a multicast mDNS packet... [CONTEXT service_id=168 ]
04-22 17:28:03.523 20105 20689 I AOSP-MdnsDiscoveryManag: Query sent with transactionId: 10. Next run: sessionId: 3, in 1000 ms [CONTEXT service_id=168 ]
04-22 17:28:03.523 20105  2342 I AOSP-MdnsDiscoveryManag: Sending a multicast mDNS packet... [CONTEXT service_id=168 ]
04-22 17:28:03.524 20105  2343 W AOSP-MdnsDiscoveryManag: Error while decoding multicast packet (15724): 1 [CONTEXT service_id=168 ]
04-22 17:28:03.525 20105  2343 W AOSP-MdnsDiscoveryManag: Error while decoding multicast packet (15725): 1 [CONTEXT service_id=168 ]
04-22 17:28:03.812  6498  6543 D CompatibilityInfo: mCompatibilityFlags - 0
04-22 17:28:03.812  6498  6543 D CompatibilityInfo: applicationDensity - 560
04-22 17:28:03.812  6498  6543 D CompatibilityInfo: applicationScale - 1.0
04-22 17:28:04.242 20105 32579 I NearbyMediums: Found Fast Ble Advertisements :
04-22 17:28:04.242 20105 32579 I NearbyMediums: BleAdvertisement { version=2, socketVersion=2, isFast=true, serviceIdHash=null, data=[ 0x23 0x4d 0x39 0x34 0x43 0x11 0x32 0x4f 0x2b 0x20 0x2e 0x54 0x81 0x12 0x02 0xe7 0x09 0xfe 0x75 0x38 0x8c 0xf8 0xa6 ], deviceToken=[ 0xb5 0x10 ], rxAdvertisement=null } : 9 times.
04-22 17:28:04.242 20105 32579 I NearbyMediums: Total 9 fast advertisements from 1 unique advertisers.
04-22 17:28:04.243 20105 32579 I NearbyMediums: Current Tracked Scanning Clients are : {NearbyConnections.EnvironmentMonitor, NearbySharing, NearbyConnections.TxAdvertisement}
04-22 17:28:04.337 15971 16120 E msgr.msys: E[C 1]_MCCLogErrorInternal(330)=>172/1067/2858/-1
04-22 17:28:04.350 15971 16120 E msgr.msys: E[C 1]_MCCLogErrorInternal(330)=>172/1067/2858/-1
04-22 17:28:04.395 20105  2448 I AlarmManager: setExactAndAllowWhileIdle [name: GCM_HB_ALARM type: 2 triggerAtMillis: 566990891]
04-22 17:28:04.396  6498  8524 D CompatibilityChangeReporter: Compat change id reported: 171306433; UID 10109; state: ENABLED
04-22 17:28:04.396  6498  8524 D CompatibilityChangeReporter: Compat change id reported: 218533173; UID 10109; state: ENABLED
04-22 17:28:04.405 20105  2447 W ChimeraUtils: Module com.google.android.gms.gcm missing resource null(0)
04-22 17:28:04.410 20105  2447 I AlarmManager: setExactAndAllowWhileIdle [name: FcmRetry type: 2 triggerAtMillis: 566510904]
04-22 17:28:04.417  6498  6543 D CompatibilityInfo: mCompatibilityFlags - 0
04-22 17:28:04.417  6498  6543 D CompatibilityInfo: applicationDensity - 560
04-22 17:28:04.417  6498  6543 D CompatibilityInfo: applicationScale - 1.0
04-22 17:28:04.419 31994 31994 W fb4a.AppComponentFactory: Instantiating BroadcastReceiver
04-22 17:28:04.424  6498  7931 D CompatibilityInfo: mCompatibilityFlags - 0
04-22 17:28:04.424  6498  7931 D CompatibilityInfo: applicationDensity - 560
04-22 17:28:04.424  6498  7931 D CompatibilityInfo: applicationScale - 1.0
04-22 17:28:04.429 31994 31994 W fb4a.AppComponentFactory: Instantiating Service
04-22 17:28:04.434  6498  6549 W libprocessgroup: Failed to open /dev/blkio/background/cgroup.procs: No such file or directory
04-22 17:28:04.436  6498  8524 D CompatibilityInfo: mCompatibilityFlags - 0
04-22 17:28:04.436  6498  8524 D CompatibilityInfo: applicationDensity - 560
04-22 17:28:04.436  6498  8524 D CompatibilityInfo: applicationScale - 1.0
04-22 17:28:04.452 31994  2452 E fb4a.OpenMessagingPushPathLogger: Flow is inactive when adding debug checkpoint for instance key 32754917
04-22 17:28:04.460 31994  2452 E fb4a.OpenMessagingPushPathLogger: Flow is inactive when adding debug checkpoint for instance key 32754917
04-22 17:28:04.462 31994  2452 E fb4a.OpenMessagingPushPathLogger: Flow is inactive when adding debug checkpoint for instance key 32754917
04-22 17:28:04.463 31994  2452 E fb4a.OpenMessagingPushPathLogger: Did not log. Notif type is secure_message_over_wa for action log_push_property_annotations, message id: null, instance key: 32754917, mi trace id: 1137267603976928605
04-22 17:28:04.523 31994  2452 W fb4a.MessagingInBlueNotificationUtils: No otherUserId or threadId or absolutePathId provided in the push notification
04-22 17:28:04.523 31994  2452 W fb4a.MessagingInBlueNotificationUtils: java.lang.IllegalStateException: No otherUserId or threadId or absolutePathId provided in the push notification
04-22 17:28:04.523 31994  2452 W fb4a.MessagingInBlueNotificationUtils: 	at X.001.A0Q(:2)
04-22 17:28:04.523 31994  2452 W fb4a.MessagingInBlueNotificationUtils: 	at X.UMz.A01(Unknown Source:156)
04-22 17:28:04.523 31994  2452 W fb4a.MessagingInBlueNotificationUtils: 	at X.74x.A03(Unknown Source:911)
04-22 17:28:04.523 31994  2452 W fb4a.MessagingInBlueNotificationUtils: 	at X.UDP.A00(Unknown Source:893)
04-22 17:28:04.523 31994  2452 W fb4a.MessagingInBlueNotificationUtils: 	at X.8dd.DGO(Unknown Source:1473)
04-22 17:28:04.523 31994  2452 W fb4a.MessagingInBlueNotificationUtils: 	at X.8dO.A00(Unknown Source:22)
04-22 17:28:04.523 31994  2452 W fb4a.MessagingInBlueNotificationUtils: 	at X.8dO.A01(Unknown Source:67)
04-22 17:28:04.523 31994  2452 W fb4a.MessagingInBlueNotificationUtils: 	at X.8dO.A02(Unknown Source:1496)
04-22 17:28:04.523 31994  2452 W fb4a.MessagingInBlueNotificationUtils: 	at X.8cr.A02(Unknown Source:3294)
04-22 17:28:04.523 31994  2452 W fb4a.MessagingInBlueNotificationUtils: 	at X.8cO.DNq(Unknown Source:312)
04-22 17:28:04.523 31994  2452 W fb4a.MessagingInBlueNotificationUtils: 	at X.8cP.A03(Unknown Source:469)
04-22 17:28:04.523 31994  2452 W fb4a.MessagingInBlueNotificationUtils: 	at com.facebook.push.fcm.FcmListenerService.A06(Unknown Source:376)
04-22 17:28:04.523 31994  2452 W fb4a.MessagingInBlueNotificationUtils: 	at com.google.firebase.messaging.FirebaseMessagingService.A03(Unknown Source:1602)
04-22 17:28:04.523 31994  2452 W fb4a.MessagingInBlueNotificationUtils: 	at X.eZL.run(Unknown Source:4)
04-22 17:28:04.523 31994  2452 W fb4a.MessagingInBlueNotificationUtils: 	at java.util.concurrent.ThreadPoolExecutor.runWorker(ThreadPoolExecutor.java:1137)
04-22 17:28:04.523 31994  2452 W fb4a.MessagingInBlueNotificationUtils: 	at java.util.concurrent.ThreadPoolExecutor$Worker.run(ThreadPoolExecutor.java:637)
04-22 17:28:04.523 31994  2452 W fb4a.MessagingInBlueNotificationUtils: 	at X.5Jm.run(Unknown Source:9)
04-22 17:28:04.523 31994  2452 W fb4a.MessagingInBlueNotificationUtils: 	at java.lang.Thread.run(Thread.java:1012)
04-22 17:28:04.525 20105  2344 I AOSP-MdnsDiscoveryManag: Trigger send thread. [CONTEXT service_id=168 ]
04-22 17:28:04.525 20105  2344 I AOSP-MdnsDiscoveryManag: Trigger send thread. [CONTEXT service_id=168 ]
04-22 17:28:04.525 20105  2342 I AOSP-MdnsDiscoveryManag: Sending a multicast mDNS packet... [CONTEXT service_id=168 ]
04-22 17:28:04.526 20105  2342 I AOSP-MdnsDiscoveryManag: Sending a multicast mDNS packet... [CONTEXT service_id=168 ]
04-22 17:28:04.527 20105  2343 W AOSP-MdnsDiscoveryManag: Error while decoding multicast packet (15726): 1 [CONTEXT service_id=168 ]
04-22 17:28:04.527 20105  2343 W AOSP-MdnsDiscoveryManag: Error while decoding multicast packet (15727): 1 [CONTEXT service_id=168 ]
04-22 17:28:04.527 20105 20689 I AOSP-MdnsDiscoveryManag: Query sent with transactionId: 11. Next run: sessionId: 3, in 1000 ms [CONTEXT service_id=168 ]
04-22 17:28:04.555 31994  2452 E fb4a.OpenMessagingPushPathLogger: Did not log. Notif type is secure_message_over_wa for action received, message id: null, instance key: 32754917, mi trace id: 1137267603976928605
04-22 17:28:04.556 31994  2452 E fb4a.OpenMessagingPushPathLogger: Flow is inactive when adding debug checkpoint for instance key 32754917
04-22 17:28:04.556 31994  2452 E fb4a.OpenMessagingPushPathLogger: Flow is inactive when adding debug checkpoint for instance key 32754917
04-22 17:28:04.559 31994 32170 E fb4a.msys: E[C MEMConnectionManager]__ConnectIfNeededOnNetworkContextAsyncImpl(1221)=>[Critical] Call WCCConnectionConnect with event id: 7
04-22 17:28:04.559 31994 32170 E fb4a.msys: E[N WCCConnectionMEM]_WCCConnectionMEMEmitStateChange(3250)=>[INFO] connection/new_state/connecting [connection_id=699040429, wcc_source=0, wcc_reason=0]
04-22 17:28:04.560 31994 32170 E fb4a.msys: E[C MEMConnectionManager]_MEMConnectionManagerStateChangeHandler(595)=>[Critical] MEMConnectionState updated to ID: 1 with connectionId: 699040429
04-22 17:28:04.571 31994 32170 E fb4a.msys: E[N WCCConnectionMEM]_WCCConnectionMEMDoConnectWithAuthKeys(1557)=>[INFO] connection/connect/start/[host=chat-e2ee-mini.facebook.com port=5222]/[57.145.12.8:5222]/socketAddressCount=1
04-22 17:28:04.572 31994 32170 E fb4a.msys: E[N WCCConnectionMEM]_WCCConnectionMEMLifecycleEventHandler(2229)=>[INFO] connection/xmpp/lifecycle_event/will-connect
04-22 17:28:04.572 31994 32170 E fb4a.msys: E[A WA]WCCHandshakeCreate(179)=>handshake/create, pq mode:0
04-22 17:28:04.609 31994  2452 E fb4a.OpenMessagingPushPathLogger: Flow is inactive when adding debug checkpoint for instance key 32754917
04-22 17:28:04.609 31994  2452 E fb4a.OpenMessagingPushPathLogger: Flow is inactive when adding debug checkpoint for instance key 32754917
04-22 17:28:04.610 31994  2452 E fb4a.OpenMessagingPushPathLogger: Flow is inactive when adding debug checkpoint for instance key 32754917
04-22 17:28:04.610 31994  2452 E fb4a.OpenMessagingPushPathLogger: Flow is inactive when adding debug checkpoint for instance key 32754917
04-22 17:28:04.610 31994  2452 E fb4a.OpenMessagingPushPathLogger: Flow is inactive when adding debug checkpoint for instance key 32754917
04-22 17:28:04.610 31994  2452 E fb4a.OpenMessagingPushPathLogger: Flow is inactive when adding debug checkpoint for instance key 32754917
04-22 17:28:04.611 31994  2452 E fb4a.OpenMessagingPushPathLogger: Flow is inactive when adding debug checkpoint for instance key 32754917
04-22 17:28:04.614 31994 32170 E fb4a.msys: E[N WCCConnectionMEM]_WCCConnectionMEMLifecycleEventHandler(2237)=>[INFO] connection/xmpp/lifecycle_event/did-connect, [0.0418s]
04-22 17:28:04.614 31994  2452 E fb4a.OpenMessagingPushPathLogger: Flow is inactive when adding debug checkpoint for instance key 32754917
04-22 17:28:04.626 31994 32170 E fb4a.msys: E[N WCCConnectionMEM]_WCCConnectionMEMLifecycleEventHandler(2237)=>[INFO] connection/xmpp/lifecycle_event/did-send-initial-payload, [0.0122s]
04-22 17:28:04.806 15971   478 E msgr.OpenMessagingPushPathLogger: Flow is inactive when adding debug checkpoint for instance key 0
04-22 17:28:04.808 15971   478 E msgr.OpenMessagingPushPathLogger: Flow is inactive when adding debug checkpoint for instance key 0
04-22 17:28:04.814 15971   478 E msgr.OpenMessagingPushPathLogger: Flow is inactive when adding debug checkpoint for instance key 0
04-22 17:28:04.814 15971   478 E msgr.OpenMessagingPushPathLogger: Flow is inactive when adding debug checkpoint for instance key 0
04-22 17:28:04.821  6498  6543 D CompatibilityInfo: mCompatibilityFlags - 0
04-22 17:28:04.821  6498  6543 D CompatibilityInfo: applicationDensity - 560
04-22 17:28:04.821  6498  6543 D CompatibilityInfo: applicationScale - 1.0
04-22 17:28:04.825 15971   478 E msgr.OpenMessagingPushPathLogger: Flow is inactive when adding debug checkpoint for instance key 0
04-22 17:28:04.826 15971   478 E msgr.OpenMessagingPushPathLogger: Flow is inactive when adding debug checkpoint for instance key 0
04-22 17:28:04.828 15971   478 E msgr.OpenMessagingPushPathLogger: Flow is inactive when adding debug checkpoint for instance key 0
04-22 17:28:04.842 15971   478 E msgr.OpenMessagingPushPathLogger: Flow is inactive when adding debug checkpoint for instance key 0
04-22 17:28:04.843 15971   478 E msgr.OpenMessagingPushPathLogger: Flow is inactive when adding debug checkpoint for instance key 0
04-22 17:28:04.843 15971   478 E msgr.OpenMessagingPushPathLogger: Flow is inactive when adding debug checkpoint for instance key 0
04-22 17:28:04.844 15971   478 E msgr.OpenMessagingPushPathLogger: Flow is inactive when adding debug checkpoint for instance key 0
04-22 17:28:04.850  6498  7931 D CompatibilityInfo: mCompatibilityFlags - 0
04-22 17:28:04.850  6498  7931 D CompatibilityInfo: applicationDensity - 560
04-22 17:28:04.850  6498  7931 D CompatibilityInfo: applicationScale - 1.0
04-22 17:28:04.854 15971 15971 W msgr.AppComponentFactory: Instantiating Service
04-22 17:28:04.855 31994 32170 E fb4a.msys: E[N WCCConnectionMEM]_WCCConnectionMEMLifecycleEventHandler(2237)=>[INFO] connection/xmpp/lifecycle_event/will-handshake, [0.2289s]
04-22 17:28:04.857 31994 32170 E fb4a.msys: E[N WCCConnectionMEM]_WCCConnectionMEMLifecycleEventHandler(2237)=>[INFO] connection/xmpp/lifecycle_event/did-handshake, [0.0018s]
04-22 17:28:04.861 31994 32170 E fb4a.msys: E[N WCCConnectionMEM]_WCCConnectionMEMReceiveHandler(2409)=>[INFO] connection/receive/login-success
04-22 17:28:04.861 31994 32170 E fb4a.msys: E[N WCCConnectionMEM]_WCCConnectionMEMEmitStateChange(3250)=>[INFO] connection/new_state/connected [connection_id=699040429, wcc_source=0, wcc_reason=0]
04-22 17:28:04.861 31994 32170 E fb4a.msys: E[C MEMConnectionManager]_MEMConnectionManagerStateChangeHandler(595)=>[Critical] MEMConnectionState updated to ID: 2 with connectionId: 699040429
04-22 17:28:04.881  1233  1364 D TrafficStats: tagSocket(6) with statsTag=0xffffffff, statsUid=-1
04-22 17:28:04.897 15971   478 E msgr.OpenMessagingPushPathLogger: Flow is inactive when adding debug checkpoint for instance key 0
04-22 17:28:04.897 15971   478 E msgr.OpenMessagingPushPathLogger: Flow is inactive when adding debug checkpoint for instance key 0
04-22 17:28:04.913 15971   478 E msgr.OpenMessagingPushPathLogger: Flow is inactive when adding debug checkpoint for instance key 0
04-22 17:28:04.934 15971   478 E msgr.msys: E[I om_notif_reliability]MSGOMLoggerSyncPathMarkRender(585)=>Attempted to mark a sync path notif as rendered without having started the flow
04-22 17:28:04.934 15971   478 E msgr.OpenMessagingPushPathLogger: Flow is inactive when annotating sync path notif type for message id: 7452664507836480737, instance key: 0, mi trace id: null
04-22 17:28:04.935 22648 26035 D androidtc: Initializing SystemTextClassifier, type = System
04-22 17:28:04.945  7786  7786 I AiAiTextClassifier: onCreateTextClassificationSession = TextClassificationSessionId {fdd7406f-bab1-4ba5-8fba-a5b9562277f7}
04-22 17:28:04.948  6498  7931 D CompatibilityInfo: mCompatibilityFlags - 0
04-22 17:28:04.948  6498  7931 D CompatibilityInfo: applicationDensity - 560
04-22 17:28:04.948  6498  7931 D CompatibilityInfo: applicationScale - 1.0
04-22 17:28:04.952 15971 15971 W msgr.AppComponentFactory: Instantiating Service
04-22 17:28:04.969  7786  7786 I AiAiTextClassifier: onDestroyTextClassificationSession = TextClassificationSessionId {fdd7406f-bab1-4ba5-8fba-a5b9562277f7}
04-22 17:28:05.034 31994 32169 E fb4a.msys: E[C 1]_MCCLogErrorInternal(330)=>172/1067/2858/-1
04-22 17:28:05.062 31994 32169 E fb4a.msys: E[C 1]_MCCLogErrorInternal(330)=>172/1067/2858/-1
04-22 17:28:05.142  7786  8631 W AiAiEcho: LyftNotificationParser Ridesharing ETA not enabled
04-22 17:28:05.142  7786  8631 I AiAiEcho: SmartspaceNotificationPredictor no parser can handle this notification or notification is invalid
04-22 17:28:05.144  6720  6786 D PeopleSpaceWidgetMgr: No app widget ids returned
04-22 17:28:05.453  6720  6720 W TouchableRegionManager: onHeadsUpPinnedModeChanged
04-22 17:28:05.456  6498  6549 W libprocessgroup: Failed to open /dev/blkio//cgroup.procs: No such file or directory
04-22 17:28:05.458  6720  6720 W OnBackInvokedCallback: OnBackInvokedCallback is not enabled for the application.
04-22 17:28:05.458  6720  6720 W OnBackInvokedCallback: Set 'android:enableOnBackInvokedCallback="true"' in the application manifest.
04-22 17:28:05.458  6720  6720 D CentralSurfaces: Received new disable state: enaihbcrso.qingr (unchanged)
04-22 17:28:05.473  6498  6549 W libprocessgroup: Failed to open /dev/blkio//cgroup.procs: No such file or directory
04-22 17:28:05.482  6720  6775 E OpenGLRenderer: Unable to match the desired swap behavior.
04-22 17:28:05.506  6498  8476 D SystemServerTiming: getUserSwitchability-0
04-22 17:28:05.506  6498  8476 D SystemServerTiming: TM.isInCall
04-22 17:28:05.506  6498  8476 D SystemServerTiming: hasUserRestriction-DISALLOW_USER_SWITCH
04-22 17:28:05.506  6498  8476 D SystemServerTiming: getInt-ALLOW_USER_SWITCHING_WHEN_SYSTEM_USER_LOCKED
04-22 17:28:05.506  6498  6586 D SystemServerTiming: getUserSwitchability-0
04-22 17:28:05.506  6498  8476 D SystemServerTiming: isUserUnlocked-USER_SYSTEM
04-22 17:28:05.506  6498  6586 D SystemServerTiming: TM.isInCall
04-22 17:28:05.507  6498  6586 D SystemServerTiming: hasUserRestriction-DISALLOW_USER_SWITCH
04-22 17:28:05.507  6498  6586 D SystemServerTiming: getInt-ALLOW_USER_SWITCHING_WHEN_SYSTEM_USER_LOCKED
04-22 17:28:05.507  6498  6586 D SystemServerTiming: isUserUnlocked-USER_SYSTEM
04-22 17:28:05.529 20105  2344 I AOSP-MdnsDiscoveryManag: Trigger send thread. [CONTEXT service_id=168 ]
04-22 17:28:05.529 20105  2344 I AOSP-MdnsDiscoveryManag: Trigger send thread. [CONTEXT service_id=168 ]
04-22 17:28:05.530 20105  2342 I AOSP-MdnsDiscoveryManag: Sending a multicast mDNS packet... [CONTEXT service_id=168 ]
04-22 17:28:05.530 20105  2342 I AOSP-MdnsDiscoveryManag: Sending a multicast mDNS packet... [CONTEXT service_id=168 ]
04-22 17:28:05.531 20105  2343 W AOSP-MdnsDiscoveryManag: Error while decoding multicast packet (15728): 1 [CONTEXT service_id=168 ]
04-22 17:28:05.531 20105  2343 W AOSP-MdnsDiscoveryManag: Error while decoding multicast packet (15729): 1 [CONTEXT service_id=168 ]
04-22 17:28:05.531 20105 20689 I AOSP-MdnsDiscoveryManag: Query sent with transactionId: 12. Next run: sessionId: 3, in 20000 ms [CONTEXT service_id=168 ]
04-22 17:28:05.836  6498  6586 D CompatibilityInfo: mCompatibilityFlags - 0
04-22 17:28:05.837  6498  6586 D CompatibilityInfo: applicationDensity - 560
04-22 17:28:05.837  6498  6586 D CompatibilityInfo: applicationScale - 1.0
04-22 17:28:05.997 15971 15971 W msgr.SendSpeedLoggingPlugin: EndSendMessageLoggingEvent for instanceKey: -1320298049
04-22 17:28:05.997 15971 15971 W msgr.SendSpeedLoggingPlugin: EndSendMessageLoggingEvent for instanceKey: 1818341353
04-22 17:28:05.997 15971 15971 W msgr.SendSpeedLoggingPlugin: EndSendMessageLoggingEvent for instanceKey: -2052006893
04-22 17:28:05.997 15971 15971 W msgr.SendSpeedLoggingPlugin: EndSendMessageLoggingEvent for instanceKey: -1490193149
04-22 17:28:05.997 15971 15971 W msgr.SendSpeedLoggingPlugin: EndSendMessageLoggingEvent for instanceKey: 319335228
04-22 17:28:05.997 15971 15971 W msgr.SendSpeedLoggingPlugin: EndSendMessageLoggingEvent for instanceKey: 763958043
04-22 17:28:05.997 15971 15971 W msgr.SendSpeedLoggingPlugin: EndSendMessageLoggingEvent for instanceKey: -63106563
04-22 17:28:05.997 15971 15971 W msgr.SendSpeedLoggingPlugin: EndSendMessageLoggingEvent for instanceKey: 1629434458
04-22 17:28:05.997 15971 15971 W msgr.SendSpeedLoggingPlugin: EndSendMessageLoggingEvent for instanceKey: -795906852
04-22 17:28:05.997 15971 15971 W msgr.SendSpeedLoggingPlugin: EndSendMessageLoggingEvent for instanceKey: -2136787798
04-22 17:28:05.997 15971 15971 W msgr.SendSpeedLoggingPlugin: EndSendMessageLoggingEvent for instanceKey: -752737104
04-22 17:28:05.997 15971 15971 W msgr.SendSpeedLoggingPlugin: EndSendMessageLoggingEvent for instanceKey: 120791809
04-22 17:28:05.997 15971 15971 W msgr.SendSpeedLoggingPlugin: EndSendMessageLoggingEvent for instanceKey: 619313985
04-22 17:28:05.997 15971 15971 W msgr.SendSpeedLoggingPlugin: EndSendMessageLoggingEvent for instanceKey: 1300629261
04-22 17:28:05.997 15971 15971 W msgr.SendSpeedLoggingPlugin: EndSendMessageLoggingEvent for instanceKey: -1938545818
04-22 17:28:05.997 15971 15971 W msgr.SendSpeedLoggingPlugin: EndSendMessageLoggingEvent for instanceKey: -1451852180
04-22 17:28:05.998 15971 15971 W msgr.SendSpeedLoggingPlugin: EndSendMessageLoggingEvent for instanceKey: -2014563234
04-22 17:28:05.998 15971 15971 W msgr.SendSpeedLoggingPlugin: EndSendMessageLoggingEvent for instanceKey: 1300629258
04-22 17:28:05.998 15971 15971 W msgr.SendSpeedLoggingPlugin: EndSendMessageLoggingEvent for instanceKey: 416383363
04-22 17:28:05.998 15971 15971 W msgr.SendSpeedLoggingPlugin: EndSendMessageLoggingEvent for instanceKey: 1428257291
04-22 17:28:05.998 15971 15971 W msgr.SendSpeedLoggingPlugin: EndSendMessageLoggingEvent for instanceKey: -1060561966
04-22 17:28:05.998 15971 15971 W msgr.SendSpeedLoggingPlugin: EndSendMessageLoggingEvent for instanceKey: -764859602
04-22 17:28:05.998 15971 15971 W msgr.SendSpeedLoggingPlugin: EndSendMessageLoggingEvent for instanceKey: 1300629254
04-22 17:28:05.998 15971 15971 W msgr.SendSpeedLoggingPlugin: EndSendMessageLoggingEvent for instanceKey: -1911356549
04-22 17:28:05.998 15971 15971 W msgr.SendSpeedLoggingPlugin: EndSendMessageLoggingEvent for instanceKey: -1765304679
04-22 17:28:05.998 15971 15971 W msgr.SendSpeedLoggingPlugin: EndSendMessageLoggingEvent for instanceKey: -1606342725
04-22 17:28:05.998 15971 15971 W msgr.SendSpeedLoggingPlugin: EndSendMessageLoggingEvent for instanceKey: -811925219
04-22 17:28:05.998 15971 15971 W msgr.SendSpeedLoggingPlugin: EndSendMessageLoggingEvent for instanceKey: 1336777209
04-22 17:28:05.998 15971 15971 W msgr.SendSpeedLoggingPlugin: EndSendMessageLoggingEvent for instanceKey: 1853394841
04-22 17:28:05.998 15971 15971 W msgr.SendSpeedLoggingPlugin: EndSendMessageLoggingEvent for instanceKey: 837735656
04-22 17:28:05.998 15971 15971 W msgr.SendSpeedLoggingPlugin: EndSendMessageLoggingEvent for instanceKey: 2105885045
04-22 17:28:05.998 15971 15971 W msgr.SendSpeedLoggingPlugin: EndSendMessageLoggingEvent for instanceKey: -620065835
04-22 17:28:05.998 15971 15971 W msgr.SendSpeedLoggingPlugin: EndSendMessageLoggingEvent for instanceKey: 1336341756
04-22 17:28:05.998 15971 15971 W msgr.SendSpeedLoggingPlugin: EndSendMessageLoggingEvent for instanceKey: -1502417829
04-22 17:28:05.998 15971 15971 W msgr.SendSpeedLoggingPlugin: EndSendMessageLoggingEvent for instanceKey: -929587045
04-22 17:28:05.998 15971 15971 W msgr.SendSpeedLoggingPlugin: EndSendMessageLoggingEvent for instanceKey: 1982863206
04-22 17:28:05.998 15971 15971 W msgr.SendSpeedLoggingPlugin: EndSendMessageLoggingEvent for instanceKey: -1285006522
04-22 17:28:05.998 15971 15971 W msgr.SendSpeedLoggingPlugin: EndSendMessageLoggingEvent for instanceKey: -179807018
04-22 17:28:05.998 15971 15971 W msgr.SendSpeedLoggingPlugin: EndSendMessageLoggingEvent for instanceKey: -1040939998
04-22 17:28:05.998 15971 15971 W msgr.SendSpeedLoggingPlugin: EndSendMessageLoggingEvent for instanceKey: -1070419455
04-22 17:28:05.998 15971 15971 W msgr.SendSpeedLoggingPlugin: EndSendMessageLoggingEvent for instanceKey: 1108785521
04-22 17:28:05.998 15971 15971 W msgr.SendSpeedLoggingPlugin: EndSendMessageLoggingEvent for instanceKey: -1767587673
04-22 17:28:05.998 15971 15971 W msgr.SendSpeedLoggingPlugin: EndSendMessageLoggingEvent for instanceKey: 1930338895
04-22 17:28:05.998 15971 15971 W msgr.SendSpeedLoggingPlugin: EndSendMessageLoggingEvent for instanceKey: -1829337094
04-22 17:28:05.998 15971 15971 W msgr.SendSpeedLoggingPlugin: EndSendMessageLoggingEvent for instanceKey: -1971399608
04-22 17:28:05.999 15971 15971 W msgr.SendSpeedLoggingPlugin: EndSendMessageLoggingEvent for instanceKey: 1767021948
04-22 17:28:05.999 15971 15971 W msgr.SendSpeedLoggingPlugin: EndSendMessageLoggingEvent for instanceKey: 2142784158
04-22 17:28:05.999 15971 15971 W msgr.SendSpeedLoggingPlugin: EndSendMessageLoggingEvent for instanceKey: -335707330
04-22 17:28:05.999 15971 15971 W msgr.SendSpeedLoggingPlugin: EndSendMessageLoggingEvent for instanceKey: -449622085
04-22 17:28:05.999 15971 15971 W msgr.SendSpeedLoggingPlugin: EndSendMessageLoggingEvent for instanceKey: 902979844
04-22 17:28:05.999 15971 15971 W msgr.SendSpeedLoggingPlugin: EndSendMessageLoggingEvent for instanceKey: -1425785532
04-22 17:28:05.999 15971 15971 W msgr.SendSpeedLoggingPlugin: EndSendMessageLoggingEvent for instanceKey: 684587921
04-22 17:28:05.999 15971 15971 W msgr.SendSpeedLoggingPlugin: EndSendMessageLoggingEvent for instanceKey: 1383230008
04-22 17:28:06.001 15971 15971 W msgr.SendSpeedLoggingPlugin: EndSendMessageLoggingEvent for instanceKey: -456873836
04-22 17:28:06.001 15971 15971 W msgr.SendSpeedLoggingPlugin: EndSendMessageLoggingEvent for instanceKey: -376344384
04-22 17:28:06.001 15971 15971 W msgr.SendSpeedLoggingPlugin: EndSendMessageLoggingEvent for instanceKey: -232211890
04-22 17:28:06.001 15971 15971 W msgr.SendSpeedLoggingPlugin: EndSendMessageLoggingEvent for instanceKey: 1516694629
04-22 17:28:06.001 15971 15971 W msgr.SendSpeedLoggingPlugin: EndSendMessageLoggingEvent for instanceKey: 599618676
04-22 17:28:06.002 15971 15971 W msgr.SendSpeedLoggingPlugin: EndSendMessageLoggingEvent for instanceKey: -1648166870
04-22 17:28:06.002 15971 15971 W msgr.SendSpeedLoggingPlugin: EndSendMessageLoggingEvent for instanceKey: 1743629645
04-22 17:28:06.002 15971 15971 W msgr.SendSpeedLoggingPlugin: EndSendMessageLoggingEvent for instanceKey: 879973423
04-22 17:28:06.002 15971 15971 W msgr.SendSpeedLoggingPlugin: EndSendMessageLoggingEvent for instanceKey: 1702553946
04-22 17:28:06.002 15971 15971 W msgr.SendSpeedLoggingPlugin: EndSendMessageLoggingEvent for instanceKey: 262728965
04-22 17:28:06.002 15971 15971 W msgr.SendSpeedLoggingPlugin: EndSendMessageLoggingEvent for instanceKey: -1934386684
04-22 17:28:06.002 15971 15971 W msgr.SendSpeedLoggingPlugin: EndSendMessageLoggingEvent for instanceKey: -121052610
04-22 17:28:06.002 15971 15971 W msgr.SendSpeedLoggingPlugin: EndSendMessageLoggingEvent for instanceKey: 1300629107
04-22 17:28:06.002 15971 15971 W msgr.SendSpeedLoggingPlugin: EndSendMessageLoggingEvent for instanceKey: -1130084810
04-22 17:28:06.002 15971 15971 W msgr.SendSpeedLoggingPlugin: EndSendMessageLoggingEvent for instanceKey: -1116346563
04-22 17:28:06.002 15971 15971 W msgr.SendSpeedLoggingPlugin: EndSendMessageLoggingEvent for instanceKey: 592463923
04-22 17:28:06.002 15971 15971 W msgr.SendSpeedLoggingPlugin: EndSendMessageLoggingEvent for instanceKey: -1066712354
04-22 17:28:06.002 15971 15971 W msgr.SendSpeedLoggingPlugin: EndSendMessageLoggingEvent for instanceKey: -1652252950
04-22 17:28:06.002 15971 15971 W msgr.SendSpeedLoggingPlugin: EndSendMessageLoggingEvent for instanceKey: -776915927
04-22 17:28:06.002 15971 15971 W msgr.SendSpeedLoggingPlugin: EndSendMessageLoggingEvent for instanceKey: 1300629101
04-22 17:28:06.002 15971 15971 W msgr.SendSpeedLoggingPlugin: EndSendMessageLoggingEvent for instanceKey: -1758110935
04-22 17:28:06.002 15971 15971 W msgr.SendSpeedLoggingPlugin: EndSendMessageLoggingEvent for instanceKey: 609226062
04-22 17:28:06.002 15971 15971 W msgr.SendSpeedLoggingPlugin: EndSendMessageLoggingEvent for instanceKey: 397844580
04-22 17:28:06.002 15971 15971 W msgr.SendSpeedLoggingPlugin: EndSendMessageLoggingEvent for instanceKey: 958163903
04-22 17:28:06.002 15971 15971 W msgr.SendSpeedLoggingPlugin: EndSendMessageLoggingEvent for instanceKey: -148853355
04-22 17:28:06.002 15971 15971 W msgr.SendSpeedLoggingPlugin: EndSendMessageLoggingEvent for instanceKey: 2145544100
04-22 17:28:06.002 15971 15971 W msgr.SendSpeedLoggingPlugin: EndSendMessageLoggingEvent for instanceKey: -773724024
04-22 17:28:06.002 15971 15971 W msgr.SendSpeedLoggingPlugin: EndSendMessageLoggingEvent for instanceKey: -644260879
04-22 17:28:06.002 15971 15971 W msgr.SendSpeedLoggingPlugin: EndSendMessageLoggingEvent for instanceKey: -619349195
04-22 17:28:06.002 15971 15971 W msgr.SendSpeedLoggingPlugin: EndSendMessageLoggingEvent for instanceKey: -2011310283
04-22 17:28:06.002 15971 15971 W msgr.SendSpeedLoggingPlugin: EndSendMessageLoggingEvent for instanceKey: 1463773913
04-22 17:28:06.002 15971 15971 W msgr.SendSpeedLoggingPlugin: EndSendMessageLoggingEvent for instanceKey: 309932234
04-22 17:28:06.002 15971 15971 W msgr.SendSpeedLoggingPlugin: EndSendMessageLoggingEvent for instanceKey: -1659386880
04-22 17:28:06.003 15971 15971 W msgr.SendSpeedLoggingPlugin: EndSendMessageLoggingEvent for instanceKey: -731883266
04-22 17:28:06.003 15971 15971 W msgr.SendSpeedLoggingPlugin: EndSendMessageLoggingEvent for instanceKey: -147382721
04-22 17:28:06.003 15971 15971 W msgr.SendSpeedLoggingPlugin: EndSendMessageLoggingEvent for instanceKey: 1060539311
04-22 17:28:06.003 15971 15971 W msgr.SendSpeedLoggingPlugin: EndSendMessageLoggingEvent for instanceKey: -1691468718
04-22 17:28:06.003 15971 15971 W msgr.SendSpeedLoggingPlugin: EndSendMessageLoggingEvent for instanceKey: -342847620
04-22 17:28:06.003 15971 15971 W msgr.SendSpeedLoggingPlugin: EndSendMessageLoggingEvent for instanceKey: 1607038126
04-22 17:28:06.003 15971 15971 W msgr.SendSpeedLoggingPlugin: EndSendMessageLoggingEvent for instanceKey: 1799665289
04-22 17:28:06.003 15971 15971 W msgr.SendSpeedLoggingPlugin: EndSendMessageLoggingEvent for instanceKey: 1106361632
04-22 17:28:06.003 15971 15971 W msgr.SendSpeedLoggingPlugin: EndSendMessageLoggingEvent for instanceKey: 113484047
04-22 17:28:06.003 15971 15971 W msgr.SendSpeedLoggingPlugin: EndSendMessageLoggingEvent for instanceKey: 1012377569
04-22 17:28:06.003 15971 15971 W msgr.SendSpeedLoggingPlugin: EndSendMessageLoggingEvent for instanceKey: 1272931137
04-22 17:28:06.003 15971 15971 W msgr.SendSpeedLoggingPlugin: EndSendMessageLoggingEvent for instanceKey: 748073510
