04-22 17:27:49.459 15971 15971 W msgr.SendSpeedLoggingPlugin: EndSendMessageLoggingEvent for instanceKey: 1292596888
04-22 17:27:49.459 15971 15971 W msgr.SendSpeedLoggingPlugin: EndSendMessageLoggingEvent for instanceKey: -380706153
04-22 17:27:49.459 15971 15971 W msgr.SendSpeedLoggingPlugin: EndSendMessageLoggingEvent for instanceKey: 1562913770
04-22 17:27:49.459 15971 15971 W msgr.SendSpeedLoggingPlugin: EndSendMessageLoggingEvent for instanceKey: 2146776990
04-22 17:27:49.459 15971 15971 W msgr.SendSpeedLoggingPlugin: EndSendMessageLoggingEvent for instanceKey: 2101285175
04-22 17:27:49.459 15971 15971 W msgr.SendSpeedLoggingPlugin: EndSendMessageLoggingEvent for instanceKey: 698690158
04-22 17:27:49.459 15971 15971 W msgr.SendSpeedLoggingPlugin: EndSendMessageLoggingEvent for instanceKey: 524968280
04-22 17:27:49.459 15971 15971 W msgr.SendSpeedLoggingPlugin: EndSendMessageLoggingEvent for instanceKey: 2008132330
04-22 17:27:49.459 15971 15971 W msgr.SendSpeedLoggingPlugin: EndSendMessageLoggingEvent for instanceKey: 283612992
04-22 17:27:49.459 15971 15971 W msgr.SendSpeedLoggingPlugin: EndSendMessageLoggingEvent for instanceKey: 1228070075
04-22 17:27:49.459 15971 15971 W msgr.SendSpeedLoggingPlugin: EndSendMessageLoggingEvent for instanceKey: 1256029335
04-22 17:27:49.459 15971 15971 W msgr.SendSpeedLoggingPlugin: EndSendMessageLoggingEvent for instanceKey: 1193946884
04-22 17:27:49.459 15971 15971 W msgr.SendSpeedLoggingPlugin: EndSendMessageLoggingEvent for instanceKey: -1568944729
04-22 17:27:49.459 15971 15971 W msgr.SendSpeedLoggingPlugin: EndSendMessageLoggingEvent for instanceKey: -1254747609
04-22 17:27:49.459 15971 15971 W msgr.SendSpeedLoggingPlugin: EndSendMessageLoggingEvent for instanceKey: -1539577944
04-22 17:27:49.459 15971 15971 W msgr.SendSpeedLoggingPlugin: EndSendMessageLoggingEvent for instanceKey: -1308266296
04-22 17:27:49.459 15971 15971 W msgr.SendSpeedLoggingPlugin: EndSendMessageLoggingEvent for instanceKey: 1225768968
04-22 17:27:49.459 15971 15971 W msgr.SendSpeedLoggingPlugin: EndSendMessageLoggingEvent for instanceKey: -1251308469
04-22 17:27:49.459 15971 15971 W msgr.SendSpeedLoggingPlugin: EndSendMessageLoggingEvent for instanceKey: -575251831
04-22 17:27:49.460 15971 15971 W msgr.SendSpeedLoggingPlugin: EndSendMessageLoggingEvent for instanceKey: -1567317087
04-22 17:27:49.460 15971 15971 W msgr.SendSpeedLoggingPlugin: EndSendMessageLoggingEvent for instanceKey: 2006303250
04-22 17:27:49.460 15971 15971 W msgr.SendSpeedLoggingPlugin: EndSendMessageLoggingEvent for instanceKey: -307378649
04-22 17:27:49.460 15971 15971 W msgr.SendSpeedLoggingPlugin: EndSendMessageLoggingEvent for instanceKey: -488071695
04-22 17:27:49.460 15971 15971 W msgr.SendSpeedLoggingPlugin: EndSendMessageLoggingEvent for instanceKey: -1584689240
04-22 17:27:49.460 15971 15971 W msgr.SendSpeedLoggingPlugin: EndSendMessageLoggingEvent for instanceKey: -873662575
04-22 17:27:49.460 15971 15971 W msgr.SendSpeedLoggingPlugin: EndSendMessageLoggingEvent for instanceKey: -1999070715
04-22 17:27:49.468 15971 16038 W msgr.1Dj: class X.22P submitted as runnable to class X.1Dj. Potential deadlocks on get().
04-22 17:27:49.565 15971   832 E msgr.OpenMessagingPushPathLogger: Flow is inactive when adding debug checkpoint for instance key 0
04-22 17:27:49.567 15971   478 E msgr.OpenMessagingPushPathLogger: Flow is inactive when adding debug checkpoint for instance key 0
04-22 17:27:49.573 15971   478 E msgr.OpenMessagingPushPathLogger: Flow is inactive when adding debug checkpoint for instance key 0
04-22 17:27:49.574 15971   478 E msgr.OpenMessagingPushPathLogger: Flow is inactive when adding debug checkpoint for instance key 0
04-22 17:27:49.575 15971   478 E msgr.OpenMessagingPushPathLogger: Flow is inactive when adding debug checkpoint for instance key 0
04-22 17:27:49.593 15971   478 E msgr.OpenMessagingPushPathLogger: Flow is inactive when adding debug checkpoint for instance key 0
04-22 17:27:49.605  6498  6543 D CompatibilityInfo: mCompatibilityFlags - 0
04-22 17:27:49.605  6498  6543 D CompatibilityInfo: applicationDensity - 560
04-22 17:27:49.605  6498  6543 D CompatibilityInfo: applicationScale - 1.0
04-22 17:27:49.613 15971   478 E msgr.OpenMessagingPushPathLogger: Flow is inactive when adding debug checkpoint for instance key 0
04-22 17:27:49.652 15971   478 E msgr.OpenMessagingPushPathLogger: Flow is inactive when adding debug checkpoint for instance key 0
04-22 17:27:49.671 15971   478 E msgr.OpenMessagingPushPathLogger: Flow is inactive when adding debug checkpoint for instance key 0
04-22 17:27:49.671 15971   478 E msgr.OpenMessagingPushPathLogger: Flow is inactive when adding debug checkpoint for instance key 0
04-22 17:27:49.672 15971   478 E msgr.OpenMessagingPushPathLogger: Flow is inactive when adding debug checkpoint for instance key 0
04-22 17:27:49.700  6498  7029 D CompatibilityInfo: mCompatibilityFlags - 0
04-22 17:27:49.700  6498  7029 D CompatibilityInfo: applicationDensity - 560
04-22 17:27:49.700  6498  7029 D CompatibilityInfo: applicationScale - 1.0
04-22 17:27:49.705 15971 15971 W msgr.AppComponentFactory: Instantiating Service
04-22 17:27:49.800 15971   478 E msgr.OpenMessagingPushPathLogger: Flow is inactive when adding debug checkpoint for instance key 0
04-22 17:27:49.800 15971   478 E msgr.OpenMessagingPushPathLogger: Flow is inactive when adding debug checkpoint for instance key 0
04-22 17:27:49.838 15971   478 E msgr.OpenMessagingPushPathLogger: Flow is inactive when adding debug checkpoint for instance key 0
04-22 17:27:49.860 22648 26035 D androidtc: Initializing SystemTextClassifier, type = System
04-22 17:27:49.863  7786  7786 I AiAiTextClassifier: onCreateTextClassificationSession = TextClassificationSessionId {06463d7a-2817-4f10-8c75-75392f780a98}
04-22 17:27:49.866 15971   478 E msgr.msys: E[I om_notif_reliability]MSGOMLoggerSyncPathMarkRender(585)=>Attempted to mark a sync path notif as rendered without having started the flow
04-22 17:27:49.866 15971   478 E msgr.OpenMessagingPushPathLogger: Flow is inactive when annotating sync path notif type for message id: 7452664443504243741, instance key: 0, mi trace id: null
04-22 17:27:49.873  6498  7944 D CompatibilityInfo: mCompatibilityFlags - 0
04-22 17:27:49.873  6498  7944 D CompatibilityInfo: applicationDensity - 560
04-22 17:27:49.873  6498  7944 D CompatibilityInfo: applicationScale - 1.0
04-22 17:27:49.875 15971 15971 W msgr.AppComponentFactory: Instantiating Service
04-22 17:27:49.881  7786  7786 I AiAiTextClassifier: onDestroyTextClassificationSession = TextClassificationSessionId {06463d7a-2817-4f10-8c75-75392f780a98}
04-22 17:27:50.071  6720  6786 D PeopleSpaceWidgetMgr: No app widget ids returned
04-22 17:27:50.071  7786  8631 W AiAiEcho: LyftNotificationParser Ridesharing ETA not enabled
04-22 17:27:50.071  7786  8631 I AiAiEcho: SmartspaceNotificationPredictor no parser can handle this notification or notification is invalid
04-22 17:27:50.369  6720  6720 W TouchableRegionManager: onHeadsUpPinnedModeChanged
04-22 17:27:50.372  6498  6549 W libprocessgroup: Failed to open /dev/blkio//cgroup.procs: No such file or directory
04-22 17:27:50.374  6720  6720 W OnBackInvokedCallback: OnBackInvokedCallback is not enabled for the application.
04-22 17:27:50.374  6720  6720 W OnBackInvokedCallback: Set 'android:enableOnBackInvokedCallback="true"' in the application manifest.
04-22 17:27:50.374  6720  6720 D CentralSurfaces: Received new disable state: enaihbcrso.qingr (unchanged)
04-22 17:27:50.390  6498  6549 W libprocessgroup: Failed to open /dev/blkio//cgroup.procs: No such file or directory
04-22 17:27:50.396  6720  6775 E OpenGLRenderer: Unable to match the desired swap behavior.
04-22 17:27:50.409  2416  2416 W ip      : type=1400 audit(0.0:99942): avc: denied { bind } for scontext=u:r:untrusted_app:s0:c205,c256,c512,c768 tcontext=u:r:untrusted_app:s0:c205,c256,c512,c768 tclass=netlink_route_socket permissive=0 bug=b/155595000
04-22 17:27:50.409  2416  2416 W ip      : type=1300 audit(0.0:99942): arch=c00000b7 syscall=200 success=no exit=-13 a0=3 a1=5e98849264 a2=c a3=7ff00433fc items=0 ppid=20111 auid=4294967295 uid=10205 gid=10205 euid=10205 suid=10205 fsuid=10205 egid=10205 sgid=10205 fsgid=10205 tty=(none) ses=4294967295 exe="/system/bin/ip" subj=u:r:untrusted_app:s0:c205,c256,c512,c768 key=(null)
04-22 17:27:50.409  5853  5853 W auditd  : type=1327 audit(0.0:99942): proctitle=2F73797374656D2F62696E2F697000726F7574650073686F77007461626C650030
04-22 17:27:50.409  5853  5853 W auditd  : type=1320 audit(0.0:99942): 
04-22 17:27:50.422  6498  7333 D SystemServerTiming: getUserSwitchability-0
04-22 17:27:50.422  6498  7333 D SystemServerTiming: TM.isInCall
04-22 17:27:50.422  6498  7333 D SystemServerTiming: hasUserRestriction-DISALLOW_USER_SWITCH
04-22 17:27:50.422  6498  7333 D SystemServerTiming: getInt-ALLOW_USER_SWITCHING_WHEN_SYSTEM_USER_LOCKED
04-22 17:27:50.422  6498  7333 D SystemServerTiming: isUserUnlocked-USER_SYSTEM
04-22 17:27:50.423  6498  7944 D SystemServerTiming: getUserSwitchability-0
04-22 17:27:50.423  6498  7944 D SystemServerTiming: TM.isInCall
04-22 17:27:50.423  6498  7944 D SystemServerTiming: hasUserRestriction-DISALLOW_USER_SWITCH
04-22 17:27:50.423  6498  7944 D SystemServerTiming: getInt-ALLOW_USER_SWITCHING_WHEN_SYSTEM_USER_LOCKED
04-22 17:27:50.423  6498  7944 D SystemServerTiming: isUserUnlocked-USER_SYSTEM
04-22 17:27:50.417  2417  2417 W ip      : type=1400 audit(0.0:99943): avc: denied { bind } for scontext=u:r:untrusted_app:s0:c205,c256,c512,c768 tcontext=u:r:untrusted_app:s0:c205,c256,c512,c768 tclass=netlink_route_socket permissive=0 bug=b/155595000
04-22 17:27:50.621  6498  6543 D CompatibilityInfo: mCompatibilityFlags - 0
04-22 17:27:50.621  6498  6543 D CompatibilityInfo: applicationDensity - 560
04-22 17:27:50.621  6498  6543 D CompatibilityInfo: applicationScale - 1.0
04-22 17:27:50.931 20111 15479 D gojni   : 16.0M/260.2M netcheck: DetectCaptivePortal(found=false)
04-22 17:27:51.104  6264  6264 I WifiHAL : Creating message to get link statistics; iface = 18
04-22 17:27:51.129  6264  6264 I WifiHAL : In GetLinkStatsCommand::handleResponse
04-22 17:27:51.151 15971 15978 I m.facebook.orca: Method exceeds compiler instruction limit: 23642 in long X.1Cf.A02(long)
04-22 17:27:51.261 27439 27462 D BufferPoolAccessor2.0: bufferpool2 0x78a1319538 : 5(19200 size) total buffers - 4(15360 size) used buffers - 100603/100608 (recycle/alloc) - 183/201207 (fetch/transfer)
04-22 17:27:51.284  6385 27470 D BufferPoolAccessor2.0: bufferpool2 0x7b8f967558 : 2(48000 size) total buffers - 1(24000 size) used buffers - 100604/100606 (recycle/alloc) - 81/100604 (fetch/transfer)
04-22 17:27:51.515 15971 15981 W msgr.DefaultCloseableReference: Finalized without closing: a672bcc 90dfe15 (type = X.2qW)
04-22 17:27:51.515 15971 15981 W msgr.2Jg: Finalized without closing: 231fa30 90dfe15 (type = X.2qW)
04-22 17:27:51.515 15971 15981 W msgr.DefaultCloseableReference: Finalized without closing: 79dc52a 90dfe15 (type = X.2qW)
04-22 17:27:51.515 15971 15981 W msgr.2Jg: Finalized without closing: 231fa30 90dfe15 (type = X.2qW)
04-22 17:27:51.632  6498  7333 D CompatibilityInfo: mCompatibilityFlags - 0
04-22 17:27:51.632  6498  7333 D CompatibilityInfo: applicationDensity - 560
04-22 17:27:51.632  6498  7333 D CompatibilityInfo: applicationScale - 1.0
04-22 17:27:51.829 15971 15971 W msgr.SendSpeedLoggingPlugin: EndSendMessageLoggingEvent for instanceKey: -1490193149
04-22 17:27:51.829 15971 15971 W msgr.SendSpeedLoggingPlugin: EndSendMessageLoggingEvent for instanceKey: 319335228
04-22 17:27:51.829 15971 15971 W msgr.SendSpeedLoggingPlugin: EndSendMessageLoggingEvent for instanceKey: 763958043
04-22 17:27:51.829 15971 15971 W msgr.SendSpeedLoggingPlugin: EndSendMessageLoggingEvent for instanceKey: -63106563
04-22 17:27:51.829 15971 15971 W msgr.SendSpeedLoggingPlugin: EndSendMessageLoggingEvent for instanceKey: 1629434458
04-22 17:27:51.829 15971 15971 W msgr.SendSpeedLoggingPlugin: EndSendMessageLoggingEvent for instanceKey: -795906852
04-22 17:27:51.829 15971 15971 W msgr.SendSpeedLoggingPlugin: EndSendMessageLoggingEvent for instanceKey: -2136787798
04-22 17:27:51.829 15971 15971 W msgr.SendSpeedLoggingPlugin: EndSendMessageLoggingEvent for instanceKey: -752737104
04-22 17:27:51.829 15971 15971 W msgr.SendSpeedLoggingPlugin: EndSendMessageLoggingEvent for instanceKey: 120791809
04-22 17:27:51.829 15971 15971 W msgr.SendSpeedLoggingPlugin: EndSendMessageLoggingEvent for instanceKey: 619313985
04-22 17:27:51.829 15971 15971 W msgr.SendSpeedLoggingPlugin: EndSendMessageLoggingEvent for instanceKey: 1300629261
04-22 17:27:51.829 15971 15971 W msgr.SendSpeedLoggingPlugin: EndSendMessageLoggingEvent for instanceKey: -1938545818
04-22 17:27:51.829 15971 15971 W msgr.SendSpeedLoggingPlugin: EndSendMessageLoggingEvent for instanceKey: -1451852180
04-22 17:27:51.829 15971 15971 W msgr.SendSpeedLoggingPlugin: EndSendMessageLoggingEvent for instanceKey: -2014563234
04-22 17:27:51.829 15971 15971 W msgr.SendSpeedLoggingPlugin: EndSendMessageLoggingEvent for instanceKey: 1300629258
04-22 17:27:51.829 15971 15971 W msgr.SendSpeedLoggingPlugin: EndSendMessageLoggingEvent for instanceKey: 416383363
04-22 17:27:51.829 15971 15971 W msgr.SendSpeedLoggingPlugin: EndSendMessageLoggingEvent for instanceKey: 1428257291
04-22 17:27:51.830 15971 15971 W msgr.SendSpeedLoggingPlugin: EndSendMessageLoggingEvent for instanceKey: -1060561966
04-22 17:27:51.830 15971 15971 W msgr.SendSpeedLoggingPlugin: EndSendMessageLoggingEvent for instanceKey: -764859602
04-22 17:27:51.830 15971 15971 W msgr.SendSpeedLoggingPlugin: EndSendMessageLoggingEvent for instanceKey: 1300629254
04-22 17:27:51.830 15971 15971 W msgr.SendSpeedLoggingPlugin: EndSendMessageLoggingEvent for instanceKey: -1911356549
04-22 17:27:51.830 15971 15971 W msgr.SendSpeedLoggingPlugin: EndSendMessageLoggingEvent for instanceKey: -1765304679
04-22 17:27:51.830 15971 15971 W msgr.SendSpeedLoggingPlugin: EndSendMessageLoggingEvent for instanceKey: -1606342725
04-22 17:27:51.830 15971 15971 W msgr.SendSpeedLoggingPlugin: EndSendMessageLoggingEvent for instanceKey: -811925219
04-22 17:27:51.830 15971 15971 W msgr.SendSpeedLoggingPlugin: EndSendMessageLoggingEvent for instanceKey: 1336777209
04-22 17:27:51.830 15971 15971 W msgr.SendSpeedLoggingPlugin: EndSendMessageLoggingEvent for instanceKey: 1853394841
04-22 17:27:51.830 15971 15971 W msgr.SendSpeedLoggingPlugin: EndSendMessageLoggingEvent for instanceKey: 837735656
04-22 17:27:51.830 15971 15971 W msgr.SendSpeedLoggingPlugin: EndSendMessageLoggingEvent for instanceKey: 2105885045
04-22 17:27:51.830 15971 15971 W msgr.SendSpeedLoggingPlugin: EndSendMessageLoggingEvent for instanceKey: -620065835
04-22 17:27:51.830 15971 15971 W msgr.SendSpeedLoggingPlugin: EndSendMessageLoggingEvent for instanceKey: 1336341756
04-22 17:27:51.830 15971 15971 W msgr.SendSpeedLoggingPlugin: EndSendMessageLoggingEvent for instanceKey: -1502417829
04-22 17:27:51.831 15971 15971 W msgr.SendSpeedLoggingPlugin: EndSendMessageLoggingEvent for instanceKey: -929587045
04-22 17:27:51.831 15971 15971 W msgr.SendSpeedLoggingPlugin: EndSendMessageLoggingEvent for instanceKey: 1982863206
04-22 17:27:51.831 15971 15971 W msgr.SendSpeedLoggingPlugin: EndSendMessageLoggingEvent for instanceKey: -1285006522
04-22 17:27:51.831 15971 15971 W msgr.SendSpeedLoggingPlugin: EndSendMessageLoggingEvent for instanceKey: -179807018
04-22 17:27:51.831 15971 15971 W msgr.SendSpeedLoggingPlugin: EndSendMessageLoggingEvent for instanceKey: -1040939998
04-22 17:27:51.831 15971 15971 W msgr.SendSpeedLoggingPlugin: EndSendMessageLoggingEvent for instanceKey: -1070419455
04-22 17:27:51.831 15971 15971 W msgr.SendSpeedLoggingPlugin: EndSendMessageLoggingEvent for instanceKey: 1108785521
04-22 17:27:51.831 15971 15971 W msgr.SendSpeedLoggingPlugin: EndSendMessageLoggingEvent for instanceKey: -1767587673
04-22 17:27:51.831 15971 15971 W msgr.SendSpeedLoggingPlugin: EndSendMessageLoggingEvent for instanceKey: 1930338895
04-22 17:27:51.831 15971 15971 W msgr.SendSpeedLoggingPlugin: EndSendMessageLoggingEvent for instanceKey: -1829337094
04-22 17:27:51.831 15971 15971 W msgr.SendSpeedLoggingPlugin: EndSendMessageLoggingEvent for instanceKey: -1971399608
04-22 17:27:51.831 15971 15971 W msgr.SendSpeedLoggingPlugin: EndSendMessageLoggingEvent for instanceKey: 1767021948
04-22 17:27:51.831 15971 15971 W msgr.SendSpeedLoggingPlugin: EndSendMessageLoggingEvent for instanceKey: 2142784158
04-22 17:27:51.831 15971 15971 W msgr.SendSpeedLoggingPlugin: EndSendMessageLoggingEvent for instanceKey: -335707330
04-22 17:27:51.831 15971 15971 W msgr.SendSpeedLoggingPlugin: EndSendMessageLoggingEvent for instanceKey: -449622085
04-22 17:27:51.831 15971 15971 W msgr.SendSpeedLoggingPlugin: EndSendMessageLoggingEvent for instanceKey: 902979844
04-22 17:27:51.831 15971 15971 W msgr.SendSpeedLoggingPlugin: EndSendMessageLoggingEvent for instanceKey: -1425785532
04-22 17:27:51.831 15971 15971 W msgr.SendSpeedLoggingPlugin: EndSendMessageLoggingEvent for instanceKey: 684587921
04-22 17:27:51.831 15971 15971 W msgr.SendSpeedLoggingPlugin: EndSendMessageLoggingEvent for instanceKey: 1383230008
04-22 17:27:51.831 15971 15971 W msgr.SendSpeedLoggingPlugin: EndSendMessageLoggingEvent for instanceKey: -456873836
04-22 17:27:51.831 15971 15971 W msgr.SendSpeedLoggingPlugin: EndSendMessageLoggingEvent for instanceKey: -376344384
04-22 17:27:51.831 15971 15971 W msgr.SendSpeedLoggingPlugin: EndSendMessageLoggingEvent for instanceKey: -232211890
04-22 17:27:51.832 15971 15971 W msgr.SendSpeedLoggingPlugin: EndSendMessageLoggingEvent for instanceKey: 1516694629
04-22 17:27:51.832 15971 15971 W msgr.SendSpeedLoggingPlugin: EndSendMessageLoggingEvent for instanceKey: 599618676
04-22 17:27:51.832 15971 15971 W msgr.SendSpeedLoggingPlugin: EndSendMessageLoggingEvent for instanceKey: -1648166870
04-22 17:27:51.832 15971 15971 W msgr.SendSpeedLoggingPlugin: EndSendMessageLoggingEvent for instanceKey: 1743629645
04-22 17:27:51.832 15971 15971 W msgr.SendSpeedLoggingPlugin: EndSendMessageLoggingEvent for instanceKey: 879973423
04-22 17:27:51.832 15971 15971 W msgr.SendSpeedLoggingPlugin: EndSendMessageLoggingEvent for instanceKey: 1702553946
04-22 17:27:51.832 15971 15971 W msgr.SendSpeedLoggingPlugin: EndSendMessageLoggingEvent for instanceKey: 262728965
04-22 17:27:51.832 15971 15971 W msgr.SendSpeedLoggingPlugin: EndSendMessageLoggingEvent for instanceKey: -1934386684
04-22 17:27:51.832 15971 15971 W msgr.SendSpeedLoggingPlugin: EndSendMessageLoggingEvent for instanceKey: -121052610
04-22 17:27:51.832 15971 15971 W msgr.SendSpeedLoggingPlugin: EndSendMessageLoggingEvent for instanceKey: 1300629107
04-22 17:27:51.832 15971 15971 W msgr.SendSpeedLoggingPlugin: EndSendMessageLoggingEvent for instanceKey: -1130084810
04-22 17:27:51.832 15971 15971 W msgr.SendSpeedLoggingPlugin: EndSendMessageLoggingEvent for instanceKey: -1116346563
04-22 17:27:51.832 15971 15971 W msgr.SendSpeedLoggingPlugin: EndSendMessageLoggingEvent for instanceKey: 592463923
04-22 17:27:51.832 15971 15971 W msgr.SendSpeedLoggingPlugin: EndSendMessageLoggingEvent for instanceKey: -1066712354
04-22 17:27:51.832 15971 15971 W msgr.SendSpeedLoggingPlugin: EndSendMessageLoggingEvent for instanceKey: -1652252950
04-22 17:27:51.832 15971 15971 W msgr.SendSpeedLoggingPlugin: EndSendMessageLoggingEvent for instanceKey: -776915927
04-22 17:27:51.832 15971 15971 W msgr.SendSpeedLoggingPlugin: EndSendMessageLoggingEvent for instanceKey: 1300629101
04-22 17:27:51.832 15971 15971 W msgr.SendSpeedLoggingPlugin: EndSendMessageLoggingEvent for instanceKey: -1758110935
04-22 17:27:51.832 15971 15971 W msgr.SendSpeedLoggingPlugin: EndSendMessageLoggingEvent for instanceKey: 609226062
04-22 17:27:51.832 15971 15971 W msgr.SendSpeedLoggingPlugin: EndSendMessageLoggingEvent for instanceKey: 397844580
04-22 17:27:51.832 15971 15971 W msgr.SendSpeedLoggingPlugin: EndSendMessageLoggingEvent for instanceKey: 958163903
04-22 17:27:51.832 15971 15971 W msgr.SendSpeedLoggingPlugin: EndSendMessageLoggingEvent for instanceKey: -148853355
04-22 17:27:51.832 15971 15971 W msgr.SendSpeedLoggingPlugin: EndSendMessageLoggingEvent for instanceKey: 2145544100
04-22 17:27:51.832 15971 15971 W msgr.SendSpeedLoggingPlugin: EndSendMessageLoggingEvent for instanceKey: -773724024
04-22 17:27:51.832 15971 15971 W msgr.SendSpeedLoggingPlugin: EndSendMessageLoggingEvent for instanceKey: -644260879
04-22 17:27:51.832 15971 15971 W msgr.SendSpeedLoggingPlugin: EndSendMessageLoggingEvent for instanceKey: -619349195
04-22 17:27:51.832 15971 15971 W msgr.SendSpeedLoggingPlugin: EndSendMessageLoggingEvent for instanceKey: -2011310283
04-22 17:27:51.833 15971 15971 W msgr.SendSpeedLoggingPlugin: EndSendMessageLoggingEvent for instanceKey: 1463773913
04-22 17:27:51.833 15971 15971 W msgr.SendSpeedLoggingPlugin: EndSendMessageLoggingEvent for instanceKey: 309932234
04-22 17:27:51.833 15971 15971 W msgr.SendSpeedLoggingPlugin: EndSendMessageLoggingEvent for instanceKey: -1659386880
04-22 17:27:51.833 15971 15971 W msgr.SendSpeedLoggingPlugin: EndSendMessageLoggingEvent for instanceKey: -731883266
04-22 17:27:51.833 15971 15971 W msgr.SendSpeedLoggingPlugin: EndSendMessageLoggingEvent for instanceKey: -147382721
04-22 17:27:51.833 15971 15971 W msgr.SendSpeedLoggingPlugin: EndSendMessageLoggingEvent for instanceKey: 1060539311
04-22 17:27:51.833 15971 15971 W msgr.SendSpeedLoggingPlugin: EndSendMessageLoggingEvent for instanceKey: -1691468718
04-22 17:27:51.833 15971 15971 W msgr.SendSpeedLoggingPlugin: EndSendMessageLoggingEvent for instanceKey: -342847620
04-22 17:27:51.833 15971 15971 W msgr.SendSpeedLoggingPlugin: EndSendMessageLoggingEvent for instanceKey: 1607038126
04-22 17:27:51.833 15971 15971 W msgr.SendSpeedLoggingPlugin: EndSendMessageLoggingEvent for instanceKey: 1799665289
04-22 17:27:51.833 15971 15971 W msgr.SendSpeedLoggingPlugin: EndSendMessageLoggingEvent for instanceKey: 1106361632
04-22 17:27:51.833 15971 15971 W msgr.SendSpeedLoggingPlugin: EndSendMessageLoggingEvent for instanceKey: 113484047
04-22 17:27:51.833 15971 15971 W msgr.SendSpeedLoggingPlugin: EndSendMessageLoggingEvent for instanceKey: 1012377569
04-22 17:27:51.833 15971 15971 W msgr.SendSpeedLoggingPlugin: EndSendMessageLoggingEvent for instanceKey: 1272931137
04-22 17:27:51.833 15971 15971 W msgr.SendSpeedLoggingPlugin: EndSendMessageLoggingEvent for instanceKey: 748073510
04-22 17:27:51.833 15971 15971 W msgr.SendSpeedLoggingPlugin: EndSendMessageLoggingEvent for instanceKey: -171041334
04-22 17:27:51.833 15971 15971 W msgr.SendSpeedLoggingPlugin: EndSendMessageLoggingEvent for instanceKey: -1529687987
04-22 17:27:51.833 15971 15971 W msgr.SendSpeedLoggingPlugin: EndSendMessageLoggingEvent for instanceKey: -1440980861
04-22 17:27:51.833 15971 15971 W msgr.SendSpeedLoggingPlugin: EndSendMessageLoggingEvent for instanceKey: -1905231798
04-22 17:27:51.833 15971 15971 W msgr.SendSpeedLoggingPlugin: EndSendMessageLoggingEvent for instanceKey: -1512313589
04-22 17:27:51.833 15971 15971 W msgr.SendSpeedLoggingPlugin: EndSendMessageLoggingEvent for instanceKey: -328172745
04-22 17:27:51.833 15971 15971 W msgr.SendSpeedLoggingPlugin: EndSendMessageLoggingEvent for instanceKey: 1264777306
04-22 17:27:51.833 15971 15971 W msgr.SendSpeedLoggingPlugin: EndSendMessageLoggingEvent for instanceKey: 698575302
04-22 17:27:51.833 15971 15971 W msgr.SendSpeedLoggingPlugin: EndSendMessageLoggingEvent for instanceKey: 282147925
04-22 17:27:51.833 15971 15971 W msgr.SendSpeedLoggingPlugin: EndSendMessageLoggingEvent for instanceKey: 1300628332
04-22 17:27:51.833 15971 15971 W msgr.SendSpeedLoggingPlugin: EndSendMessageLoggingEvent for instanceKey: 1314427140
04-22 17:27:51.833 15971 15971 W msgr.SendSpeedLoggingPlugin: EndSendMessageLoggingEvent for instanceKey: 1498248380
04-22 17:27:51.834 15971 15971 W msgr.SendSpeedLoggingPlugin: EndSendMessageLoggingEvent for instanceKey: -2050811112
04-22 17:27:51.834 15971 15971 W msgr.SendSpeedLoggingPlugin: EndSendMessageLoggingEvent for instanceKey: -393335869
04-22 17:27:51.834 15971 15971 W msgr.SendSpeedLoggingPlugin: EndSendMessageLoggingEvent for instanceKey: 612633324
04-22 17:27:51.834 15971 15971 W msgr.SendSpeedLoggingPlugin: EndSendMessageLoggingEvent for instanceKey: 73949282
04-22 17:27:51.834 15971 15971 W msgr.SendSpeedLoggingPlugin: EndSendMessageLoggingEvent for instanceKey: -1519776705
04-22 17:27:51.834 15971 15971 W msgr.SendSpeedLoggingPlugin: EndSendMessageLoggingEvent for instanceKey: -339949461
04-22 17:27:51.834 15971 15971 W msgr.SendSpeedLoggingPlugin: EndSendMessageLoggingEvent for instanceKey: -909044110
04-22 17:27:51.834 15971 15971 W msgr.SendSpeedLoggingPlugin: EndSendMessageLoggingEvent for instanceKey: 1134989723
04-22 17:27:51.834 15971 15971 W msgr.SendSpeedLoggingPlugin: EndSendMessageLoggingEvent for instanceKey: 72854528
04-22 17:27:51.834 15971 15971 W msgr.SendSpeedLoggingPlugin: EndSendMessageLoggingEvent for instanceKey: 1300628300
04-22 17:27:51.834 15971 15971 W msgr.SendSpeedLoggingPlugin: EndSendMessageLoggingEvent for instanceKey: -1024297977
04-22 17:27:51.834 15971 15971 W msgr.SendSpeedLoggingPlugin: EndSendMessageLoggingEvent for instanceKey: 1300628299
04-22 17:27:51.834 15971 15971 W msgr.SendSpeedLoggingPlugin: EndSendMessageLoggingEvent for instanceKey: 1886947954
04-22 17:27:51.834 15971 15971 W msgr.SendSpeedLoggingPlugin: EndSendMessageLoggingEvent for instanceKey: -1615061121
04-22 17:27:51.834 15971 15971 W msgr.SendSpeedLoggingPlugin: EndSendMessageLoggingEvent for instanceKey: 1961326937
04-22 17:27:51.834 15971 15971 W msgr.SendSpeedLoggingPlugin: EndSendMessageLoggingEvent for instanceKey: 1881789829
04-22 17:27:51.834 15971 15971 W msgr.SendSpeedLoggingPlugin: EndSendMessageLoggingEvent for instanceKey: 1715029796
04-22 17:27:51.834 15971 15971 W msgr.SendSpeedLoggingPlugin: EndSendMessageLoggingEvent for instanceKey: 1564256571
04-22 17:27:51.834 15971 15971 W msgr.SendSpeedLoggingPlugin: EndSendMessageLoggingEvent for instanceKey: -13979082
04-22 17:27:51.834 15971 15971 W msgr.SendSpeedLoggingPlugin: EndSendMessageLoggingEvent for instanceKey: -1477038789
04-22 17:27:51.834 15971 15971 W msgr.SendSpeedLoggingPlugin: EndSendMessageLoggingEvent for instanceKey: -461027387
04-22 17:27:51.834 15971 15971 W msgr.SendSpeedLoggingPlugin: EndSendMessageLoggingEvent for instanceKey: -1868252315
04-22 17:27:51.834 15971 15971 W msgr.SendSpeedLoggingPlugin: EndSendMessageLoggingEvent for instanceKey: -1777042253
04-22 17:27:51.834 15971 15971 W msgr.SendSpeedLoggingPlugin: EndSendMessageLoggingEvent for instanceKey: -996115385
04-22 17:27:51.834 15971 15971 W msgr.SendSpeedLoggingPlugin: EndSendMessageLoggingEvent for instanceKey: -1163976715
04-22 17:27:51.834 15971 15971 W msgr.SendSpeedLoggingPlugin: EndSendMessageLoggingEvent for instanceKey: 830391707
04-22 17:27:51.834 15971 15971 W msgr.SendSpeedLoggingPlugin: EndSendMessageLoggingEvent for instanceKey: 1434935502
04-22 17:27:51.835 15971 15971 W msgr.SendSpeedLoggingPlugin: EndSendMessageLoggingEvent for instanceKey: -1068086288
04-22 17:27:51.835 15971 15971 W msgr.SendSpeedLoggingPlugin: EndSendMessageLoggingEvent for instanceKey: 1731966774
04-22 17:27:51.835 15971 15971 W msgr.SendSpeedLoggingPlugin: EndSendMessageLoggingEvent for instanceKey: 1488784555
04-22 17:27:51.835 15971 15971 W msgr.SendSpeedLoggingPlugin: EndSendMessageLoggingEvent for instanceKey: 1300628239
04-22 17:27:51.835 15971 15971 W msgr.SendSpeedLoggingPlugin: EndSendMessageLoggingEvent for instanceKey: 69824256
04-22 17:27:51.835 15971 15971 W msgr.SendSpeedLoggingPlugin: EndSendMessageLoggingEvent for instanceKey: -534185603
04-22 17:27:51.835 15971 15971 W msgr.SendSpeedLoggingPlugin: EndSendMessageLoggingEvent for instanceKey: -1370052886
04-22 17:27:51.835 15971 15971 W msgr.SendSpeedLoggingPlugin: EndSendMessageLoggingEvent for instanceKey: 562742556
04-22 17:27:51.835 15971 15971 W msgr.SendSpeedLoggingPlugin: EndSendMessageLoggingEvent for instanceKey: 297060673
04-22 17:27:51.835 15971 15971 W msgr.SendSpeedLoggingPlugin: EndSendMessageLoggingEvent for instanceKey: -1069412985
04-22 17:27:51.835 15971 15971 W msgr.SendSpeedLoggingPlugin: EndSendMessageLoggingEvent for instanceKey: -1943890613
04-22 17:27:51.835 15971 15971 W msgr.SendSpeedLoggingPlugin: EndSendMessageLoggingEvent for instanceKey: -1372351759
04-22 17:27:51.835 15971 15971 W msgr.SendSpeedLoggingPlugin: EndSendMessageLoggingEvent for instanceKey: 672344691
04-22 17:27:51.835 15971 15971 W msgr.SendSpeedLoggingPlugin: EndSendMessageLoggingEvent for instanceKey: 519387768
04-22 17:27:51.835 15971 15971 W msgr.SendSpeedLoggingPlugin: EndSendMessageLoggingEvent for instanceKey: 659715606
04-22 17:27:51.835 15971 15971 W msgr.SendSpeedLoggingPlugin: EndSendMessageLoggingEvent for instanceKey: -642126592
04-22 17:27:51.835 15971 15971 W msgr.SendSpeedLoggingPlugin: EndSendMessageLoggingEvent for instanceKey: -53768553
04-22 17:27:51.835 15971 15971 W msgr.SendSpeedLoggingPlugin: EndSendMessageLoggingEvent for instanceKey: -217856151
04-22 17:27:51.835 15971 15971 W msgr.SendSpeedLoggingPlugin: EndSendMessageLoggingEvent for instanceKey: -175688727
04-22 17:27:51.835 15971 15971 W msgr.SendSpeedLoggingPlugin: EndSendMessageLoggingEvent for instanceKey: -1642137410
04-22 17:27:51.835 15971 15971 W msgr.SendSpeedLoggingPlugin: EndSendMessageLoggingEvent for instanceKey: 799484968
04-22 17:27:51.835 15971 15971 W msgr.SendSpeedLoggingPlugin: EndSendMessageLoggingEvent for instanceKey: 1876152608
04-22 17:27:51.835 15971 15971 W msgr.SendSpeedLoggingPlugin: EndSendMessageLoggingEvent for instanceKey: -1595412249
04-22 17:27:51.835 15971 15971 W msgr.SendSpeedLoggingPlugin: EndSendMessageLoggingEvent for instanceKey: 1953786366
04-22 17:27:51.835 15971 15971 W msgr.SendSpeedLoggingPlugin: EndSendMessageLoggingEvent for instanceKey: 1524092491
04-22 17:27:51.835 15971 15971 W msgr.SendSpeedLoggingPlugin: EndSendMessageLoggingEvent for instanceKey: 1300628176
04-22 17:27:51.835 15971 15971 W msgr.SendSpeedLoggingPlugin: EndSendMessageLoggingEvent for instanceKey: -1912680135
04-22 17:27:51.835 15971 15971 W msgr.SendSpeedLoggingPlugin: EndSendMessageLoggingEvent for instanceKey: 1890061878
04-22 17:27:51.835 15971 15971 W msgr.SendSpeedLoggingPlugin: EndSendMessageLoggingEvent for instanceKey: 343412119
04-22 17:27:51.836 15971 15971 W msgr.SendSpeedLoggingPlugin: EndSendMessageLoggingEvent for instanceKey: 248385139
04-22 17:27:51.836 15971 15971 W msgr.SendSpeedLoggingPlugin: EndSendMessageLoggingEvent for instanceKey: -1947367138
04-22 17:27:51.836 15971 15971 W msgr.SendSpeedLoggingPlugin: EndSendMessageLoggingEvent for instanceKey: -585107202
04-22 17:27:51.836 15971 15971 W msgr.SendSpeedLoggingPlugin: EndSendMessageLoggingEvent for instanceKey: -405158456
04-22 17:27:51.836 15971 15971 W msgr.SendSpeedLoggingPlugin: EndSendMessageLoggingEvent for instanceKey: 2109451214
04-22 17:27:51.836 15971 15971 W msgr.SendSpeedLoggingPlugin: EndSendMessageLoggingEvent for instanceKey: 1300628168
04-22 17:27:51.836 15971 15971 W msgr.SendSpeedLoggingPlugin: EndSendMessageLoggingEvent for instanceKey: 904424196
04-22 17:27:51.836 15971 15971 W msgr.SendSpeedLoggingPlugin: EndSendMessageLoggingEvent for instanceKey: -631067766
04-22 17:27:51.836 15971 15971 W msgr.SendSpeedLoggingPlugin: EndSendMessageLoggingEvent for instanceKey: -1947607380
04-22 17:27:51.836 15971 15971 W msgr.SendSpeedLoggingPlugin: EndSendMessageLoggingEvent for instanceKey: -2130480929
04-22 17:27:51.836 15971 15971 W msgr.SendSpeedLoggingPlugin: EndSendMessageLoggingEvent for instanceKey: 1678161452
04-22 17:27:51.836 15971 15971 W msgr.SendSpeedLoggingPlugin: EndSendMessageLoggingEvent for instanceKey: 316990688
04-22 17:27:51.836 15971 15971 W msgr.SendSpeedLoggingPlugin: EndSendMessageLoggingEvent for instanceKey: 410401039
04-22 17:27:51.836 15971 15971 W msgr.SendSpeedLoggingPlugin: EndSendMessageLoggingEvent for instanceKey: -704641333
04-22 17:27:51.836 15971 15971 W msgr.SendSpeedLoggingPlugin: EndSendMessageLoggingEvent for instanceKey: -1390191323
04-22 17:27:51.836 15971 15971 W msgr.SendSpeedLoggingPlugin: EndSendMessageLoggingEvent for instanceKey: 416563967
04-22 17:27:51.836 15971 15971 W msgr.SendSpeedLoggingPlugin: EndSendMessageLoggingEvent for instanceKey: 1191680939
04-22 17:27:51.836 15971 15971 W msgr.SendSpeedLoggingPlugin: EndSendMessageLoggingEvent for instanceKey: 561499193
04-22 17:27:51.836 15971 15971 W msgr.SendSpeedLoggingPlugin: EndSendMessageLoggingEvent for instanceKey: -655632183
04-22 17:27:51.836 15971 15971 W msgr.SendSpeedLoggingPlugin: EndSendMessageLoggingEvent for instanceKey: 861219648
04-22 17:27:51.836 15971 15971 W msgr.SendSpeedLoggingPlugin: EndSendMessageLoggingEvent for instanceKey: -1443256879
04-22 17:27:51.836 15971 15971 W msgr.SendSpeedLoggingPlugin: EndSendMessageLoggingEvent for instanceKey: -133905923
04-22 17:27:51.836 15971 15971 W msgr.SendSpeedLoggingPlugin: EndSendMessageLoggingEvent for instanceKey: 1300628110
04-22 17:27:51.836 15971 15971 W msgr.SendSpeedLoggingPlugin: EndSendMessageLoggingEvent for instanceKey: -997919308
04-22 17:27:51.836 15971 15971 W msgr.SendSpeedLoggingPlugin: EndSendMessageLoggingEvent for instanceKey: 730110203
04-22 17:27:51.836 15971 15971 W msgr.SendSpeedLoggingPlugin: EndSendMessageLoggingEvent for instanceKey: 409099706
04-22 17:27:51.836 15971 15971 W msgr.SendSpeedLoggingPlugin: EndSendMessageLoggingEvent for instanceKey: -1764605880
04-22 17:27:51.837 15971 15971 W msgr.SendSpeedLoggingPlugin: EndSendMessageLoggingEvent for instanceKey: -823236069
04-22 17:27:51.837 15971 15971 W msgr.SendSpeedLoggingPlugin: EndSendMessageLoggingEvent for instanceKey: 1587726641
04-22 17:27:51.837 15971 15971 W msgr.SendSpeedLoggingPlugin: EndSendMessageLoggingEvent for instanceKey: -641986200
04-22 17:27:51.837 15971 15971 W msgr.SendSpeedLoggingPlugin: EndSendMessageLoggingEvent for instanceKey: -1454204697
04-22 17:27:51.837 15971 15971 W msgr.SendSpeedLoggingPlugin: EndSendMessageLoggingEvent for instanceKey: 800232248
04-22 17:27:51.837 15971 15971 W msgr.SendSpeedLoggingPlugin: EndSendMessageLoggingEvent for instanceKey: 1613749851
04-22 17:27:51.837 15971 15971 W msgr.SendSpeedLoggingPlugin: EndSendMessageLoggingEvent for instanceKey: -1295481828
04-22 17:27:51.837 15971 15971 W msgr.SendSpeedLoggingPlugin: EndSendMessageLoggingEvent for instanceKey: 1892184042
04-22 17:27:51.837 15971 15971 W msgr.SendSpeedLoggingPlugin: EndSendMessageLoggingEvent for instanceKey: -1044251191
04-22 17:27:51.837 15971 15971 W msgr.SendSpeedLoggingPlugin: EndSendMessageLoggingEvent for instanceKey: -1170213663
04-22 17:27:51.837 15971 15971 W msgr.SendSpeedLoggingPlugin: EndSendMessageLoggingEvent for instanceKey: -1566354179
04-22 17:27:51.837 15971 15971 W msgr.SendSpeedLoggingPlugin: EndSendMessageLoggingEvent for instanceKey: -1788632807
04-22 17:27:51.837 15971 15971 W msgr.SendSpeedLoggingPlugin: EndSendMessageLoggingEvent for instanceKey: 1300627401
04-22 17:27:51.837 15971 15971 W msgr.SendSpeedLoggingPlugin: EndSendMessageLoggingEvent for instanceKey: 424864934
04-22 17:27:51.837 15971 15971 W msgr.SendSpeedLoggingPlugin: EndSendMessageLoggingEvent for instanceKey: 975481707
04-22 17:27:51.837 15971 15971 W msgr.SendSpeedLoggingPlugin: EndSendMessageLoggingEvent for instanceKey: -1268777783
04-22 17:27:51.837 15971 15971 W msgr.SendSpeedLoggingPlugin: EndSendMessageLoggingEvent for instanceKey: 235441478
04-22 17:27:51.837 15971 15971 W msgr.SendSpeedLoggingPlugin: EndSendMessageLoggingEvent for instanceKey: -1439641231
04-22 17:27:51.837 15971 15971 W msgr.SendSpeedLoggingPlugin: EndSendMessageLoggingEvent for instanceKey: 319486475
04-22 17:27:51.837 15971 15971 W msgr.SendSpeedLoggingPlugin: EndSendMessageLoggingEvent for instanceKey: -894431853
04-22 17:27:51.837 15971 15971 W msgr.SendSpeedLoggingPlugin: EndSendMessageLoggingEvent for instanceKey: 1265400628
04-22 17:27:51.837 15971 15971 W msgr.SendSpeedLoggingPlugin: EndSendMessageLoggingEvent for instanceKey: 2038840177
04-22 17:27:51.837 15971 15971 W msgr.SendSpeedLoggingPlugin: EndSendMessageLoggingEvent for instanceKey: -421633869
04-22 17:27:51.837 15971 15971 W msgr.SendSpeedLoggingPlugin: EndSendMessageLoggingEvent for instanceKey: -387555988
04-22 17:27:51.837 15971 15971 W msgr.SendSpeedLoggingPlugin: EndSendMessageLoggingEvent for instanceKey: -1436133080
04-22 17:27:51.837 15971 15971 W msgr.SendSpeedLoggingPlugin: EndSendMessageLoggingEvent for instanceKey: 2054731706
04-22 17:27:51.837 15971 15971 W msgr.SendSpeedLoggingPlugin: EndSendMessageLoggingEvent for instanceKey: 463047511
04-22 17:27:51.837 15971 15971 W msgr.SendSpeedLoggingPlugin: EndSendMessageLoggingEvent for instanceKey: -414448262
04-22 17:27:51.837 15971 15971 W msgr.SendSpeedLoggingPlugin: EndSendMessageLoggingEvent for instanceKey: 2089028143
04-22 17:27:51.838 15971 15971 W msgr.SendSpeedLoggingPlugin: EndSendMessageLoggingEvent for instanceKey: 1292596888
04-22 17:27:51.838 15971 15971 W msgr.SendSpeedLoggingPlugin: EndSendMessageLoggingEvent for instanceKey: -380706153
04-22 17:27:51.838 15971 15971 W msgr.SendSpeedLoggingPlugin: EndSendMessageLoggingEvent for instanceKey: 1562913770
04-22 17:27:51.838 15971 15971 W msgr.SendSpeedLoggingPlugin: EndSendMessageLoggingEvent for instanceKey: 2146776990
04-22 17:27:51.838 15971 15971 W msgr.SendSpeedLoggingPlugin: EndSendMessageLoggingEvent for instanceKey: 2101285175
04-22 17:27:51.838 15971 15971 W msgr.SendSpeedLoggingPlugin: EndSendMessageLoggingEvent for instanceKey: 698690158
04-22 17:27:51.838 15971 15971 W msgr.SendSpeedLoggingPlugin: EndSendMessageLoggingEvent for instanceKey: 524968280
04-22 17:27:51.838 15971 15971 W msgr.SendSpeedLoggingPlugin: EndSendMessageLoggingEvent for instanceKey: 2008132330
04-22 17:27:51.838 15971 15971 W msgr.SendSpeedLoggingPlugin: EndSendMessageLoggingEvent for instanceKey: 283612992
04-22 17:27:51.838 15971 15971 W msgr.SendSpeedLoggingPlugin: EndSendMessageLoggingEvent for instanceKey: 1228070075
04-22 17:27:51.838 15971 15971 W msgr.SendSpeedLoggingPlugin: EndSendMessageLoggingEvent for instanceKey: 1256029335
04-22 17:27:51.838 15971 15971 W msgr.SendSpeedLoggingPlugin: EndSendMessageLoggingEvent for instanceKey: 1193946884
04-22 17:27:51.838 15971 15971 W msgr.SendSpeedLoggingPlugin: EndSendMessageLoggingEvent for instanceKey: -1568944729
04-22 17:27:51.838 15971 15971 W msgr.SendSpeedLoggingPlugin: EndSendMessageLoggingEvent for instanceKey: -1254747609
04-22 17:27:51.838 15971 15971 W msgr.SendSpeedLoggingPlugin: EndSendMessageLoggingEvent for instanceKey: -1539577944
04-22 17:27:51.838 15971 15971 W msgr.SendSpeedLoggingPlugin: EndSendMessageLoggingEvent for instanceKey: -1308266296
04-22 17:27:51.838 15971 15971 W msgr.SendSpeedLoggingPlugin: EndSendMessageLoggingEvent for instanceKey: 1225768968
04-22 17:27:51.838 15971 15971 W msgr.SendSpeedLoggingPlugin: EndSendMessageLoggingEvent for instanceKey: -1251308469
04-22 17:27:51.838 15971 15971 W msgr.SendSpeedLoggingPlugin: EndSendMessageLoggingEvent for instanceKey: -575251831
04-22 17:27:51.838 15971 15971 W msgr.SendSpeedLoggingPlugin: EndSendMessageLoggingEvent for instanceKey: -1567317087
04-22 17:27:51.838 15971 15971 W msgr.SendSpeedLoggingPlugin: EndSendMessageLoggingEvent for instanceKey: 2006303250
04-22 17:27:51.838 15971 15971 W msgr.SendSpeedLoggingPlugin: EndSendMessageLoggingEvent for instanceKey: -307378649
04-22 17:27:51.838 15971 15971 W msgr.SendSpeedLoggingPlugin: EndSendMessageLoggingEvent for instanceKey: -488071695
04-22 17:27:51.838 15971 15971 W msgr.SendSpeedLoggingPlugin: EndSendMessageLoggingEvent for instanceKey: -1584689240
04-22 17:27:51.838 15971 15971 W msgr.SendSpeedLoggingPlugin: EndSendMessageLoggingEvent for instanceKey: -873662575
04-22 17:27:51.838 15971 15971 W msgr.SendSpeedLoggingPlugin: EndSendMessageLoggingEvent for instanceKey: -1999070715
04-22 17:27:51.877 15971 15971 W msgr.SendSpeedLoggingPlugin: EndSendMessageLoggingEvent for instanceKey: -1490193149
04-22 17:27:51.877 15971 15971 W msgr.SendSpeedLoggingPlugin: EndSendMessageLoggingEvent for instanceKey: 319335228
04-22 17:27:51.877 15971 15971 W msgr.SendSpeedLoggingPlugin: EndSendMessageLoggingEvent for instanceKey: 763958043
04-22 17:27:51.877 15971 15971 W msgr.SendSpeedLoggingPlugin: EndSendMessageLoggingEvent for instanceKey: -63106563
04-22 17:27:51.877 15971 15971 W msgr.SendSpeedLoggingPlugin: EndSendMessageLoggingEvent for instanceKey: 1629434458
04-22 17:27:51.877 15971 15971 W msgr.SendSpeedLoggingPlugin: EndSendMessageLoggingEvent for instanceKey: -795906852
04-22 17:27:51.877 15971 15971 W msgr.SendSpeedLoggingPlugin: EndSendMessageLoggingEvent for instanceKey: -2136787798
04-22 17:27:51.877 15971 15971 W msgr.SendSpeedLoggingPlugin: EndSendMessageLoggingEvent for instanceKey: -752737104
04-22 17:27:51.877 15971 15971 W msgr.SendSpeedLoggingPlugin: EndSendMessageLoggingEvent for instanceKey: 120791809
04-22 17:27:51.877 15971 15971 W msgr.SendSpeedLoggingPlugin: EndSendMessageLoggingEvent for instanceKey: 619313985
04-22 17:27:51.877 15971 15971 W msgr.SendSpeedLoggingPlugin: EndSendMessageLoggingEvent for instanceKey: 1300629261
04-22 17:27:51.877 15971 15971 W msgr.SendSpeedLoggingPlugin: EndSendMessageLoggingEvent for instanceKey: -1938545818
04-22 17:27:51.877 15971 15971 W msgr.SendSpeedLoggingPlugin: EndSendMessageLoggingEvent for instanceKey: -1451852180
04-22 17:27:51.877 15971 15971 W msgr.SendSpeedLoggingPlugin: EndSendMessageLoggingEvent for instanceKey: -2014563234
04-22 17:27:51.877 15971 15971 W msgr.SendSpeedLoggingPlugin: EndSendMessageLoggingEvent for instanceKey: 1300629258
04-22 17:27:51.877 15971 15971 W msgr.SendSpeedLoggingPlugin: EndSendMessageLoggingEvent for instanceKey: 416383363
04-22 17:27:51.877 15971 15971 W msgr.SendSpeedLoggingPlugin: EndSendMessageLoggingEvent for instanceKey: 1428257291
04-22 17:27:51.877 15971 15971 W msgr.SendSpeedLoggingPlugin: EndSendMessageLoggingEvent for instanceKey: -1060561966
04-22 17:27:51.877 15971 15971 W msgr.SendSpeedLoggingPlugin: EndSendMessageLoggingEvent for instanceKey: -764859602
04-22 17:27:51.877 15971 15971 W msgr.SendSpeedLoggingPlugin: EndSendMessageLoggingEvent for instanceKey: 1300629254
04-22 17:27:51.877 15971 15971 W msgr.SendSpeedLoggingPlugin: EndSendMessageLoggingEvent for instanceKey: -1911356549
04-22 17:27:51.877 15971 15971 W msgr.SendSpeedLoggingPlugin: EndSendMessageLoggingEvent for instanceKey: -1765304679
04-22 17:27:51.878 15971 15971 W msgr.SendSpeedLoggingPlugin: EndSendMessageLoggingEvent for instanceKey: -1606342725
04-22 17:27:51.878 15971 15971 W msgr.SendSpeedLoggingPlugin: EndSendMessageLoggingEvent for instanceKey: -811925219
04-22 17:27:51.878 15971 15971 W msgr.SendSpeedLoggingPlugin: EndSendMessageLoggingEvent for instanceKey: 1336777209
04-22 17:27:51.878 15971 15971 W msgr.SendSpeedLoggingPlugin: EndSendMessageLoggingEvent for instanceKey: 1853394841
04-22 17:27:51.878 15971 15971 W msgr.SendSpeedLoggingPlugin: EndSendMessageLoggingEvent for instanceKey: 837735656
04-22 17:27:51.878 15971 15971 W msgr.SendSpeedLoggingPlugin: EndSendMessageLoggingEvent for instanceKey: 2105885045
04-22 17:27:51.878 15971 15971 W msgr.SendSpeedLoggingPlugin: EndSendMessageLoggingEvent for instanceKey: -620065835
04-22 17:27:51.878 15971 15971 W msgr.SendSpeedLoggingPlugin: EndSendMessageLoggingEvent for instanceKey: 1336341756
04-22 17:27:51.878 15971 15971 W msgr.SendSpeedLoggingPlugin: EndSendMessageLoggingEvent for instanceKey: -1502417829
04-22 17:27:51.878 15971 15971 W msgr.SendSpeedLoggingPlugin: EndSendMessageLoggingEvent for instanceKey: -929587045
04-22 17:27:51.878 15971 15971 W msgr.SendSpeedLoggingPlugin: EndSendMessageLoggingEvent for instanceKey: 1982863206
04-22 17:27:51.878 15971 15971 W msgr.SendSpeedLoggingPlugin: EndSendMessageLoggingEvent for instanceKey: -1285006522
04-22 17:27:51.878 15971 15971 W msgr.SendSpeedLoggingPlugin: EndSendMessageLoggingEvent for instanceKey: -179807018
04-22 17:27:51.878 15971 15971 W msgr.SendSpeedLoggingPlugin: EndSendMessageLoggingEvent for instanceKey: -1040939998
04-22 17:27:51.878 15971 15971 W msgr.SendSpeedLoggingPlugin: EndSendMessageLoggingEvent for instanceKey: -1070419455
04-22 17:27:51.878 15971 15971 W msgr.SendSpeedLoggingPlugin: EndSendMessageLoggingEvent for instanceKey: 1108785521
04-22 17:27:51.878 15971 15971 W msgr.SendSpeedLoggingPlugin: EndSendMessageLoggingEvent for instanceKey: -1767587673
04-22 17:27:51.878 15971 15971 W msgr.SendSpeedLoggingPlugin: EndSendMessageLoggingEvent for instanceKey: 1930338895
04-22 17:27:51.878 15971 15971 W msgr.SendSpeedLoggingPlugin: EndSendMessageLoggingEvent for instanceKey: -1829337094
04-22 17:27:51.878 15971 15971 W msgr.SendSpeedLoggingPlugin: EndSendMessageLoggingEvent for instanceKey: -1971399608
04-22 17:27:51.878 15971 15971 W msgr.SendSpeedLoggingPlugin: EndSendMessageLoggingEvent for instanceKey: 1767021948
04-22 17:27:51.878 15971 15971 W msgr.SendSpeedLoggingPlugin: EndSendMessageLoggingEvent for instanceKey: 2142784158
04-22 17:27:51.878 15971 15971 W msgr.SendSpeedLoggingPlugin: EndSendMessageLoggingEvent for instanceKey: -335707330
04-22 17:27:51.878 15971 15971 W msgr.SendSpeedLoggingPlugin: EndSendMessageLoggingEvent for instanceKey: -449622085
04-22 17:27:51.878 15971 15971 W msgr.SendSpeedLoggingPlugin: EndSendMessageLoggingEvent for instanceKey: 902979844
04-22 17:27:51.878 15971 15971 W msgr.SendSpeedLoggingPlugin: EndSendMessageLoggingEvent for instanceKey: -1425785532
04-22 17:27:51.879 15971 15971 W msgr.SendSpeedLoggingPlugin: EndSendMessageLoggingEvent for instanceKey: 684587921
04-22 17:27:51.879 15971 15971 W msgr.SendSpeedLoggingPlugin: EndSendMessageLoggingEvent for instanceKey: 1383230008
04-22 17:27:51.879 15971 15971 W msgr.SendSpeedLoggingPlugin: EndSendMessageLoggingEvent for instanceKey: -456873836
04-22 17:27:51.879 15971 15971 W msgr.SendSpeedLoggingPlugin: EndSendMessageLoggingEvent for instanceKey: -376344384
04-22 17:27:51.879 15971 15971 W msgr.SendSpeedLoggingPlugin: EndSendMessageLoggingEvent for instanceKey: -232211890
04-22 17:27:51.879 15971 15971 W msgr.SendSpeedLoggingPlugin: EndSendMessageLoggingEvent for instanceKey: 1516694629
04-22 17:27:51.879 15971 15971 W msgr.SendSpeedLoggingPlugin: EndSendMessageLoggingEvent for instanceKey: 599618676
04-22 17:27:51.879 15971 15971 W msgr.SendSpeedLoggingPlugin: EndSendMessageLoggingEvent for instanceKey: -1648166870
04-22 17:27:51.879 15971 15971 W msgr.SendSpeedLoggingPlugin: EndSendMessageLoggingEvent for instanceKey: 1743629645
04-22 17:27:51.879 15971 15971 W msgr.SendSpeedLoggingPlugin: EndSendMessageLoggingEvent for instanceKey: 879973423
04-22 17:27:51.879 15971 15971 W msgr.SendSpeedLoggingPlugin: EndSendMessageLoggingEvent for instanceKey: 1702553946
04-22 17:27:51.879 15971 15971 W msgr.SendSpeedLoggingPlugin: EndSendMessageLoggingEvent for instanceKey: 262728965
04-22 17:27:51.879 15971 15971 W msgr.SendSpeedLoggingPlugin: EndSendMessageLoggingEvent for instanceKey: -1934386684
04-22 17:27:51.879 15971 15971 W msgr.SendSpeedLoggingPlugin: EndSendMessageLoggingEvent for instanceKey: -121052610
04-22 17:27:51.879 15971 15971 W msgr.SendSpeedLoggingPlugin: EndSendMessageLoggingEvent for instanceKey: 1300629107
04-22 17:27:51.879 15971 15971 W msgr.SendSpeedLoggingPlugin: EndSendMessageLoggingEvent for instanceKey: -1130084810
04-22 17:27:51.879 15971 15971 W msgr.SendSpeedLoggingPlugin: EndSendMessageLoggingEvent for instanceKey: -1116346563
04-22 17:27:51.879 15971 15971 W msgr.SendSpeedLoggingPlugin: EndSendMessageLoggingEvent for instanceKey: 592463923
04-22 17:27:51.879 15971 15971 W msgr.SendSpeedLoggingPlugin: EndSendMessageLoggingEvent for instanceKey: -1066712354
04-22 17:27:51.879 15971 15971 W msgr.SendSpeedLoggingPlugin: EndSendMessageLoggingEvent for instanceKey: -1652252950
04-22 17:27:51.879 15971 15971 W msgr.SendSpeedLoggingPlugin: EndSendMessageLoggingEvent for instanceKey: -776915927
04-22 17:27:51.879 15971 15971 W msgr.SendSpeedLoggingPlugin: EndSendMessageLoggingEvent for instanceKey: 1300629101
04-22 17:27:51.879 15971 15971 W msgr.SendSpeedLoggingPlugin: EndSendMessageLoggingEvent for instanceKey: -1758110935
04-22 17:27:51.879 15971 15971 W msgr.SendSpeedLoggingPlugin: EndSendMessageLoggingEvent for instanceKey: 609226062
04-22 17:27:51.879 15971 15971 W msgr.SendSpeedLoggingPlugin: EndSendMessageLoggingEvent for instanceKey: 397844580
04-22 17:27:51.879 15971 15971 W msgr.SendSpeedLoggingPlugin: EndSendMessageLoggingEvent for instanceKey: 958163903
04-22 17:27:51.880 15971 15971 W msgr.SendSpeedLoggingPlugin: EndSendMessageLoggingEvent for instanceKey: -148853355
04-22 17:27:51.880 15971 15971 W msgr.SendSpeedLoggingPlugin: EndSendMessageLoggingEvent for instanceKey: 2145544100
04-22 17:27:51.880 15971 15971 W msgr.SendSpeedLoggingPlugin: EndSendMessageLoggingEvent for instanceKey: -773724024
04-22 17:27:51.880 15971 15971 W msgr.SendSpeedLoggingPlugin: EndSendMessageLoggingEvent for instanceKey: -644260879
04-22 17:27:51.880 15971 15971 W msgr.SendSpeedLoggingPlugin: EndSendMessageLoggingEvent for instanceKey: -619349195
04-22 17:27:51.880 15971 15971 W msgr.SendSpeedLoggingPlugin: EndSendMessageLoggingEvent for instanceKey: -2011310283
04-22 17:27:51.880 15971 15971 W msgr.SendSpeedLoggingPlugin: EndSendMessageLoggingEvent for instanceKey: 1463773913
04-22 17:27:51.880 15971 15971 W msgr.SendSpeedLoggingPlugin: EndSendMessageLoggingEvent for instanceKey: 309932234
04-22 17:27:51.880 15971 15971 W msgr.SendSpeedLoggingPlugin: EndSendMessageLoggingEvent for instanceKey: -1659386880
04-22 17:27:51.880 15971 15971 W msgr.SendSpeedLoggingPlugin: EndSendMessageLoggingEvent for instanceKey: -731883266
